---
http_interactions:
- request:
    method: get
    uri: https://thumbot:B%2FGUk%3E~22%3Ec%2A%24I%7CIa%3C%40@api.github.com/repos/thumbot/prtester/pulls/453
    body:
      encoding: US-ASCII
      string: ''
    headers:
      Accept:
      - application/vnd.github.v3+json
      User-Agent:
      - Octokit Ruby Gem 4.3.0
      Content-Type:
      - application/json
      Accept-Encoding:
      - gzip;q=1.0,deflate;q=0.6,identity;q=0.3
  response:
    status:
      code: 200
      message: OK
    headers:
      Server:
      - GitHub.com
      Date:
      - Thu, 22 Sep 2016 20:03:16 GMT
      Content-Type:
      - application/json; charset=utf-8
      Transfer-Encoding:
      - chunked
      Status:
      - 200 OK
      X-Ratelimit-Limit:
      - '5000'
      X-Ratelimit-Remaining:
      - '4894'
      X-Ratelimit-Reset:
      - '1474577734'
      Cache-Control:
      - private, max-age=60, s-maxage=60
      Vary:
      - Accept, Authorization, Cookie, X-GitHub-OTP
      - Accept-Encoding
      Etag:
      - W/"e79c8e344a96fdf15dcf4aa776430da9"
      Last-Modified:
      - Thu, 22 Sep 2016 20:01:59 GMT
      X-Github-Media-Type:
      - github.v3; format=json
      Access-Control-Expose-Headers:
      - ETag, Link, X-GitHub-OTP, X-RateLimit-Limit, X-RateLimit-Remaining, X-RateLimit-Reset,
        X-OAuth-Scopes, X-Accepted-OAuth-Scopes, X-Poll-Interval
      Access-Control-Allow-Origin:
      - "*"
      Content-Security-Policy:
      - default-src 'none'
      Strict-Transport-Security:
      - max-age=31536000; includeSubdomains; preload
      X-Content-Type-Options:
      - nosniff
      X-Frame-Options:
      - deny
      X-Xss-Protection:
      - 1; mode=block
      X-Served-By:
      - 7f48e2f7761567e923121f17538d7a6d
      X-Github-Request-Id:
      - AD1C2EC5:2360:874C70A:57E43904
    body:
      encoding: ASCII-8BIT
      string: '{"url":"https://api.github.com/repos/thumbot/prtester/pulls/453","id":86281365,"html_url":"https://github.com/thumbot/prtester/pull/453","diff_url":"https://github.com/thumbot/prtester/pull/453.diff","patch_url":"https://github.com/thumbot/prtester/pull/453.patch","issue_url":"https://api.github.com/repos/thumbot/prtester/issues/453","number":453,"state":"open","locked":false,"title":"Testing
        PR","user":{"login":"thumbot","id":20921557,"avatar_url":"https://avatars.githubusercontent.com/u/20921557?v=3","gravatar_id":"","url":"https://api.github.com/users/thumbot","html_url":"https://github.com/thumbot","followers_url":"https://api.github.com/users/thumbot/followers","following_url":"https://api.github.com/users/thumbot/following{/other_user}","gists_url":"https://api.github.com/users/thumbot/gists{/gist_id}","starred_url":"https://api.github.com/users/thumbot/starred{/owner}{/repo}","subscriptions_url":"https://api.github.com/users/thumbot/subscriptions","organizations_url":"https://api.github.com/users/thumbot/orgs","repos_url":"https://api.github.com/users/thumbot/repos","events_url":"https://api.github.com/users/thumbot/events{/privacy}","received_events_url":"https://api.github.com/users/thumbot/received_events","type":"User","site_admin":false},"body":"Thumbs
        Git Robot: This pr has been created for testing purposes","created_at":"2016-09-22T05:34:48Z","updated_at":"2016-09-22T20:01:59Z","closed_at":null,"merged_at":null,"merge_commit_sha":"fd9f38bfcdafe8e76012139e2e7d9025daeaa54e","assignee":null,"assignees":[],"milestone":null,"commits_url":"https://api.github.com/repos/thumbot/prtester/pulls/453/commits","review_comments_url":"https://api.github.com/repos/thumbot/prtester/pulls/453/comments","review_comment_url":"https://api.github.com/repos/thumbot/prtester/pulls/comments{/number}","comments_url":"https://api.github.com/repos/thumbot/prtester/issues/453/comments","statuses_url":"https://api.github.com/repos/thumbot/prtester/statuses/0b2a2be86485c6d1a55399741d486f92c4562fa6","head":{"label":"thumbot:feature_1474522484","ref":"feature_1474522484","sha":"0b2a2be86485c6d1a55399741d486f92c4562fa6","user":{"login":"thumbot","id":20921557,"avatar_url":"https://avatars.githubusercontent.com/u/20921557?v=3","gravatar_id":"","url":"https://api.github.com/users/thumbot","html_url":"https://github.com/thumbot","followers_url":"https://api.github.com/users/thumbot/followers","following_url":"https://api.github.com/users/thumbot/following{/other_user}","gists_url":"https://api.github.com/users/thumbot/gists{/gist_id}","starred_url":"https://api.github.com/users/thumbot/starred{/owner}{/repo}","subscriptions_url":"https://api.github.com/users/thumbot/subscriptions","organizations_url":"https://api.github.com/users/thumbot/orgs","repos_url":"https://api.github.com/users/thumbot/repos","events_url":"https://api.github.com/users/thumbot/events{/privacy}","received_events_url":"https://api.github.com/users/thumbot/received_events","type":"User","site_admin":false},"repo":{"id":65270336,"name":"prtester","full_name":"thumbot/prtester","owner":{"login":"thumbot","id":20921557,"avatar_url":"https://avatars.githubusercontent.com/u/20921557?v=3","gravatar_id":"","url":"https://api.github.com/users/thumbot","html_url":"https://github.com/thumbot","followers_url":"https://api.github.com/users/thumbot/followers","following_url":"https://api.github.com/users/thumbot/following{/other_user}","gists_url":"https://api.github.com/users/thumbot/gists{/gist_id}","starred_url":"https://api.github.com/users/thumbot/starred{/owner}{/repo}","subscriptions_url":"https://api.github.com/users/thumbot/subscriptions","organizations_url":"https://api.github.com/users/thumbot/orgs","repos_url":"https://api.github.com/users/thumbot/repos","events_url":"https://api.github.com/users/thumbot/events{/privacy}","received_events_url":"https://api.github.com/users/thumbot/received_events","type":"User","site_admin":false},"private":false,"html_url":"https://github.com/thumbot/prtester","description":"testing
        pr","fork":true,"url":"https://api.github.com/repos/thumbot/prtester","forks_url":"https://api.github.com/repos/thumbot/prtester/forks","keys_url":"https://api.github.com/repos/thumbot/prtester/keys{/key_id}","collaborators_url":"https://api.github.com/repos/thumbot/prtester/collaborators{/collaborator}","teams_url":"https://api.github.com/repos/thumbot/prtester/teams","hooks_url":"https://api.github.com/repos/thumbot/prtester/hooks","issue_events_url":"https://api.github.com/repos/thumbot/prtester/issues/events{/number}","events_url":"https://api.github.com/repos/thumbot/prtester/events","assignees_url":"https://api.github.com/repos/thumbot/prtester/assignees{/user}","branches_url":"https://api.github.com/repos/thumbot/prtester/branches{/branch}","tags_url":"https://api.github.com/repos/thumbot/prtester/tags","blobs_url":"https://api.github.com/repos/thumbot/prtester/git/blobs{/sha}","git_tags_url":"https://api.github.com/repos/thumbot/prtester/git/tags{/sha}","git_refs_url":"https://api.github.com/repos/thumbot/prtester/git/refs{/sha}","trees_url":"https://api.github.com/repos/thumbot/prtester/git/trees{/sha}","statuses_url":"https://api.github.com/repos/thumbot/prtester/statuses/{sha}","languages_url":"https://api.github.com/repos/thumbot/prtester/languages","stargazers_url":"https://api.github.com/repos/thumbot/prtester/stargazers","contributors_url":"https://api.github.com/repos/thumbot/prtester/contributors","subscribers_url":"https://api.github.com/repos/thumbot/prtester/subscribers","subscription_url":"https://api.github.com/repos/thumbot/prtester/subscription","commits_url":"https://api.github.com/repos/thumbot/prtester/commits{/sha}","git_commits_url":"https://api.github.com/repos/thumbot/prtester/git/commits{/sha}","comments_url":"https://api.github.com/repos/thumbot/prtester/comments{/number}","issue_comment_url":"https://api.github.com/repos/thumbot/prtester/issues/comments{/number}","contents_url":"https://api.github.com/repos/thumbot/prtester/contents/{+path}","compare_url":"https://api.github.com/repos/thumbot/prtester/compare/{base}...{head}","merges_url":"https://api.github.com/repos/thumbot/prtester/merges","archive_url":"https://api.github.com/repos/thumbot/prtester/{archive_format}{/ref}","downloads_url":"https://api.github.com/repos/thumbot/prtester/downloads","issues_url":"https://api.github.com/repos/thumbot/prtester/issues{/number}","pulls_url":"https://api.github.com/repos/thumbot/prtester/pulls{/number}","milestones_url":"https://api.github.com/repos/thumbot/prtester/milestones{/number}","notifications_url":"https://api.github.com/repos/thumbot/prtester/notifications{?since,all,participating}","labels_url":"https://api.github.com/repos/thumbot/prtester/labels{/name}","releases_url":"https://api.github.com/repos/thumbot/prtester/releases{/id}","deployments_url":"https://api.github.com/repos/thumbot/prtester/deployments","created_at":"2016-08-09T06:48:24Z","updated_at":"2016-08-09T06:48:25Z","pushed_at":"2016-09-22T05:34:48Z","git_url":"git://github.com/thumbot/prtester.git","ssh_url":"git@github.com:thumbot/prtester.git","clone_url":"https://github.com/thumbot/prtester.git","svn_url":"https://github.com/thumbot/prtester","homepage":null,"size":240,"stargazers_count":0,"watchers_count":0,"language":"Makefile","has_issues":false,"has_downloads":true,"has_wiki":true,"has_pages":false,"forks_count":0,"mirror_url":null,"open_issues_count":8,"forks":0,"open_issues":8,"watchers":0,"default_branch":"master"}},"base":{"label":"thumbot:master","ref":"master","sha":"c698629fda74b02beba0b4aa97a47bb55257c38e","user":{"login":"thumbot","id":20921557,"avatar_url":"https://avatars.githubusercontent.com/u/20921557?v=3","gravatar_id":"","url":"https://api.github.com/users/thumbot","html_url":"https://github.com/thumbot","followers_url":"https://api.github.com/users/thumbot/followers","following_url":"https://api.github.com/users/thumbot/following{/other_user}","gists_url":"https://api.github.com/users/thumbot/gists{/gist_id}","starred_url":"https://api.github.com/users/thumbot/starred{/owner}{/repo}","subscriptions_url":"https://api.github.com/users/thumbot/subscriptions","organizations_url":"https://api.github.com/users/thumbot/orgs","repos_url":"https://api.github.com/users/thumbot/repos","events_url":"https://api.github.com/users/thumbot/events{/privacy}","received_events_url":"https://api.github.com/users/thumbot/received_events","type":"User","site_admin":false},"repo":{"id":65270336,"name":"prtester","full_name":"thumbot/prtester","owner":{"login":"thumbot","id":20921557,"avatar_url":"https://avatars.githubusercontent.com/u/20921557?v=3","gravatar_id":"","url":"https://api.github.com/users/thumbot","html_url":"https://github.com/thumbot","followers_url":"https://api.github.com/users/thumbot/followers","following_url":"https://api.github.com/users/thumbot/following{/other_user}","gists_url":"https://api.github.com/users/thumbot/gists{/gist_id}","starred_url":"https://api.github.com/users/thumbot/starred{/owner}{/repo}","subscriptions_url":"https://api.github.com/users/thumbot/subscriptions","organizations_url":"https://api.github.com/users/thumbot/orgs","repos_url":"https://api.github.com/users/thumbot/repos","events_url":"https://api.github.com/users/thumbot/events{/privacy}","received_events_url":"https://api.github.com/users/thumbot/received_events","type":"User","site_admin":false},"private":false,"html_url":"https://github.com/thumbot/prtester","description":"testing
        pr","fork":true,"url":"https://api.github.com/repos/thumbot/prtester","forks_url":"https://api.github.com/repos/thumbot/prtester/forks","keys_url":"https://api.github.com/repos/thumbot/prtester/keys{/key_id}","collaborators_url":"https://api.github.com/repos/thumbot/prtester/collaborators{/collaborator}","teams_url":"https://api.github.com/repos/thumbot/prtester/teams","hooks_url":"https://api.github.com/repos/thumbot/prtester/hooks","issue_events_url":"https://api.github.com/repos/thumbot/prtester/issues/events{/number}","events_url":"https://api.github.com/repos/thumbot/prtester/events","assignees_url":"https://api.github.com/repos/thumbot/prtester/assignees{/user}","branches_url":"https://api.github.com/repos/thumbot/prtester/branches{/branch}","tags_url":"https://api.github.com/repos/thumbot/prtester/tags","blobs_url":"https://api.github.com/repos/thumbot/prtester/git/blobs{/sha}","git_tags_url":"https://api.github.com/repos/thumbot/prtester/git/tags{/sha}","git_refs_url":"https://api.github.com/repos/thumbot/prtester/git/refs{/sha}","trees_url":"https://api.github.com/repos/thumbot/prtester/git/trees{/sha}","statuses_url":"https://api.github.com/repos/thumbot/prtester/statuses/{sha}","languages_url":"https://api.github.com/repos/thumbot/prtester/languages","stargazers_url":"https://api.github.com/repos/thumbot/prtester/stargazers","contributors_url":"https://api.github.com/repos/thumbot/prtester/contributors","subscribers_url":"https://api.github.com/repos/thumbot/prtester/subscribers","subscription_url":"https://api.github.com/repos/thumbot/prtester/subscription","commits_url":"https://api.github.com/repos/thumbot/prtester/commits{/sha}","git_commits_url":"https://api.github.com/repos/thumbot/prtester/git/commits{/sha}","comments_url":"https://api.github.com/repos/thumbot/prtester/comments{/number}","issue_comment_url":"https://api.github.com/repos/thumbot/prtester/issues/comments{/number}","contents_url":"https://api.github.com/repos/thumbot/prtester/contents/{+path}","compare_url":"https://api.github.com/repos/thumbot/prtester/compare/{base}...{head}","merges_url":"https://api.github.com/repos/thumbot/prtester/merges","archive_url":"https://api.github.com/repos/thumbot/prtester/{archive_format}{/ref}","downloads_url":"https://api.github.com/repos/thumbot/prtester/downloads","issues_url":"https://api.github.com/repos/thumbot/prtester/issues{/number}","pulls_url":"https://api.github.com/repos/thumbot/prtester/pulls{/number}","milestones_url":"https://api.github.com/repos/thumbot/prtester/milestones{/number}","notifications_url":"https://api.github.com/repos/thumbot/prtester/notifications{?since,all,participating}","labels_url":"https://api.github.com/repos/thumbot/prtester/labels{/name}","releases_url":"https://api.github.com/repos/thumbot/prtester/releases{/id}","deployments_url":"https://api.github.com/repos/thumbot/prtester/deployments","created_at":"2016-08-09T06:48:24Z","updated_at":"2016-08-09T06:48:25Z","pushed_at":"2016-09-22T05:34:48Z","git_url":"git://github.com/thumbot/prtester.git","ssh_url":"git@github.com:thumbot/prtester.git","clone_url":"https://github.com/thumbot/prtester.git","svn_url":"https://github.com/thumbot/prtester","homepage":null,"size":240,"stargazers_count":0,"watchers_count":0,"language":"Makefile","has_issues":false,"has_downloads":true,"has_wiki":true,"has_pages":false,"forks_count":0,"mirror_url":null,"open_issues_count":8,"forks":0,"open_issues":8,"watchers":0,"default_branch":"master"}},"_links":{"self":{"href":"https://api.github.com/repos/thumbot/prtester/pulls/453"},"html":{"href":"https://github.com/thumbot/prtester/pull/453"},"issue":{"href":"https://api.github.com/repos/thumbot/prtester/issues/453"},"comments":{"href":"https://api.github.com/repos/thumbot/prtester/issues/453/comments"},"review_comments":{"href":"https://api.github.com/repos/thumbot/prtester/pulls/453/comments"},"review_comment":{"href":"https://api.github.com/repos/thumbot/prtester/pulls/comments{/number}"},"commits":{"href":"https://api.github.com/repos/thumbot/prtester/pulls/453/commits"},"statuses":{"href":"https://api.github.com/repos/thumbot/prtester/statuses/0b2a2be86485c6d1a55399741d486f92c4562fa6"}},"merged":false,"mergeable":true,"mergeable_state":"clean","merged_by":null,"comments":1,"review_comments":0,"commits":1,"additions":1,"deletions":1,"changed_files":1}'
    http_version: 
  recorded_at: Thu, 22 Sep 2016 20:03:16 GMT
- request:
    method: get
    uri: https://thumbot:B%2FGUk%3E~22%3Ec%2A%24I%7CIa%3C%40@api.github.com/repos/thumbot/prtester/pulls/453
    body:
      encoding: US-ASCII
      string: ''
    headers:
      Accept:
      - application/vnd.github.v3+json
      User-Agent:
      - Octokit Ruby Gem 4.3.0
      Content-Type:
      - application/json
      Accept-Encoding:
      - gzip;q=1.0,deflate;q=0.6,identity;q=0.3
  response:
    status:
      code: 200
      message: OK
    headers:
      Server:
      - GitHub.com
      Date:
      - Thu, 22 Sep 2016 20:03:16 GMT
      Content-Type:
      - application/json; charset=utf-8
      Transfer-Encoding:
      - chunked
      Status:
      - 200 OK
      X-Ratelimit-Limit:
      - '5000'
      X-Ratelimit-Remaining:
      - '4893'
      X-Ratelimit-Reset:
      - '1474577734'
      Cache-Control:
      - private, max-age=60, s-maxage=60
      Vary:
      - Accept, Authorization, Cookie, X-GitHub-OTP
      - Accept-Encoding
      Etag:
      - W/"e79c8e344a96fdf15dcf4aa776430da9"
      Last-Modified:
      - Thu, 22 Sep 2016 20:01:59 GMT
      X-Github-Media-Type:
      - github.v3; format=json
      Access-Control-Expose-Headers:
      - ETag, Link, X-GitHub-OTP, X-RateLimit-Limit, X-RateLimit-Remaining, X-RateLimit-Reset,
        X-OAuth-Scopes, X-Accepted-OAuth-Scopes, X-Poll-Interval
      Access-Control-Allow-Origin:
      - "*"
      Content-Security-Policy:
      - default-src 'none'
      Strict-Transport-Security:
      - max-age=31536000; includeSubdomains; preload
      X-Content-Type-Options:
      - nosniff
      X-Frame-Options:
      - deny
      X-Xss-Protection:
      - 1; mode=block
      X-Served-By:
      - dc1ce2bfb41810a06c705e83b388572d
      X-Github-Request-Id:
      - AD1C2EC5:235F:522B1BE:57E43904
    body:
      encoding: ASCII-8BIT
      string: '{"url":"https://api.github.com/repos/thumbot/prtester/pulls/453","id":86281365,"html_url":"https://github.com/thumbot/prtester/pull/453","diff_url":"https://github.com/thumbot/prtester/pull/453.diff","patch_url":"https://github.com/thumbot/prtester/pull/453.patch","issue_url":"https://api.github.com/repos/thumbot/prtester/issues/453","number":453,"state":"open","locked":false,"title":"Testing
        PR","user":{"login":"thumbot","id":20921557,"avatar_url":"https://avatars.githubusercontent.com/u/20921557?v=3","gravatar_id":"","url":"https://api.github.com/users/thumbot","html_url":"https://github.com/thumbot","followers_url":"https://api.github.com/users/thumbot/followers","following_url":"https://api.github.com/users/thumbot/following{/other_user}","gists_url":"https://api.github.com/users/thumbot/gists{/gist_id}","starred_url":"https://api.github.com/users/thumbot/starred{/owner}{/repo}","subscriptions_url":"https://api.github.com/users/thumbot/subscriptions","organizations_url":"https://api.github.com/users/thumbot/orgs","repos_url":"https://api.github.com/users/thumbot/repos","events_url":"https://api.github.com/users/thumbot/events{/privacy}","received_events_url":"https://api.github.com/users/thumbot/received_events","type":"User","site_admin":false},"body":"Thumbs
        Git Robot: This pr has been created for testing purposes","created_at":"2016-09-22T05:34:48Z","updated_at":"2016-09-22T20:01:59Z","closed_at":null,"merged_at":null,"merge_commit_sha":"fd9f38bfcdafe8e76012139e2e7d9025daeaa54e","assignee":null,"assignees":[],"milestone":null,"commits_url":"https://api.github.com/repos/thumbot/prtester/pulls/453/commits","review_comments_url":"https://api.github.com/repos/thumbot/prtester/pulls/453/comments","review_comment_url":"https://api.github.com/repos/thumbot/prtester/pulls/comments{/number}","comments_url":"https://api.github.com/repos/thumbot/prtester/issues/453/comments","statuses_url":"https://api.github.com/repos/thumbot/prtester/statuses/0b2a2be86485c6d1a55399741d486f92c4562fa6","head":{"label":"thumbot:feature_1474522484","ref":"feature_1474522484","sha":"0b2a2be86485c6d1a55399741d486f92c4562fa6","user":{"login":"thumbot","id":20921557,"avatar_url":"https://avatars.githubusercontent.com/u/20921557?v=3","gravatar_id":"","url":"https://api.github.com/users/thumbot","html_url":"https://github.com/thumbot","followers_url":"https://api.github.com/users/thumbot/followers","following_url":"https://api.github.com/users/thumbot/following{/other_user}","gists_url":"https://api.github.com/users/thumbot/gists{/gist_id}","starred_url":"https://api.github.com/users/thumbot/starred{/owner}{/repo}","subscriptions_url":"https://api.github.com/users/thumbot/subscriptions","organizations_url":"https://api.github.com/users/thumbot/orgs","repos_url":"https://api.github.com/users/thumbot/repos","events_url":"https://api.github.com/users/thumbot/events{/privacy}","received_events_url":"https://api.github.com/users/thumbot/received_events","type":"User","site_admin":false},"repo":{"id":65270336,"name":"prtester","full_name":"thumbot/prtester","owner":{"login":"thumbot","id":20921557,"avatar_url":"https://avatars.githubusercontent.com/u/20921557?v=3","gravatar_id":"","url":"https://api.github.com/users/thumbot","html_url":"https://github.com/thumbot","followers_url":"https://api.github.com/users/thumbot/followers","following_url":"https://api.github.com/users/thumbot/following{/other_user}","gists_url":"https://api.github.com/users/thumbot/gists{/gist_id}","starred_url":"https://api.github.com/users/thumbot/starred{/owner}{/repo}","subscriptions_url":"https://api.github.com/users/thumbot/subscriptions","organizations_url":"https://api.github.com/users/thumbot/orgs","repos_url":"https://api.github.com/users/thumbot/repos","events_url":"https://api.github.com/users/thumbot/events{/privacy}","received_events_url":"https://api.github.com/users/thumbot/received_events","type":"User","site_admin":false},"private":false,"html_url":"https://github.com/thumbot/prtester","description":"testing
        pr","fork":true,"url":"https://api.github.com/repos/thumbot/prtester","forks_url":"https://api.github.com/repos/thumbot/prtester/forks","keys_url":"https://api.github.com/repos/thumbot/prtester/keys{/key_id}","collaborators_url":"https://api.github.com/repos/thumbot/prtester/collaborators{/collaborator}","teams_url":"https://api.github.com/repos/thumbot/prtester/teams","hooks_url":"https://api.github.com/repos/thumbot/prtester/hooks","issue_events_url":"https://api.github.com/repos/thumbot/prtester/issues/events{/number}","events_url":"https://api.github.com/repos/thumbot/prtester/events","assignees_url":"https://api.github.com/repos/thumbot/prtester/assignees{/user}","branches_url":"https://api.github.com/repos/thumbot/prtester/branches{/branch}","tags_url":"https://api.github.com/repos/thumbot/prtester/tags","blobs_url":"https://api.github.com/repos/thumbot/prtester/git/blobs{/sha}","git_tags_url":"https://api.github.com/repos/thumbot/prtester/git/tags{/sha}","git_refs_url":"https://api.github.com/repos/thumbot/prtester/git/refs{/sha}","trees_url":"https://api.github.com/repos/thumbot/prtester/git/trees{/sha}","statuses_url":"https://api.github.com/repos/thumbot/prtester/statuses/{sha}","languages_url":"https://api.github.com/repos/thumbot/prtester/languages","stargazers_url":"https://api.github.com/repos/thumbot/prtester/stargazers","contributors_url":"https://api.github.com/repos/thumbot/prtester/contributors","subscribers_url":"https://api.github.com/repos/thumbot/prtester/subscribers","subscription_url":"https://api.github.com/repos/thumbot/prtester/subscription","commits_url":"https://api.github.com/repos/thumbot/prtester/commits{/sha}","git_commits_url":"https://api.github.com/repos/thumbot/prtester/git/commits{/sha}","comments_url":"https://api.github.com/repos/thumbot/prtester/comments{/number}","issue_comment_url":"https://api.github.com/repos/thumbot/prtester/issues/comments{/number}","contents_url":"https://api.github.com/repos/thumbot/prtester/contents/{+path}","compare_url":"https://api.github.com/repos/thumbot/prtester/compare/{base}...{head}","merges_url":"https://api.github.com/repos/thumbot/prtester/merges","archive_url":"https://api.github.com/repos/thumbot/prtester/{archive_format}{/ref}","downloads_url":"https://api.github.com/repos/thumbot/prtester/downloads","issues_url":"https://api.github.com/repos/thumbot/prtester/issues{/number}","pulls_url":"https://api.github.com/repos/thumbot/prtester/pulls{/number}","milestones_url":"https://api.github.com/repos/thumbot/prtester/milestones{/number}","notifications_url":"https://api.github.com/repos/thumbot/prtester/notifications{?since,all,participating}","labels_url":"https://api.github.com/repos/thumbot/prtester/labels{/name}","releases_url":"https://api.github.com/repos/thumbot/prtester/releases{/id}","deployments_url":"https://api.github.com/repos/thumbot/prtester/deployments","created_at":"2016-08-09T06:48:24Z","updated_at":"2016-08-09T06:48:25Z","pushed_at":"2016-09-22T05:34:48Z","git_url":"git://github.com/thumbot/prtester.git","ssh_url":"git@github.com:thumbot/prtester.git","clone_url":"https://github.com/thumbot/prtester.git","svn_url":"https://github.com/thumbot/prtester","homepage":null,"size":240,"stargazers_count":0,"watchers_count":0,"language":"Makefile","has_issues":false,"has_downloads":true,"has_wiki":true,"has_pages":false,"forks_count":0,"mirror_url":null,"open_issues_count":8,"forks":0,"open_issues":8,"watchers":0,"default_branch":"master"}},"base":{"label":"thumbot:master","ref":"master","sha":"c698629fda74b02beba0b4aa97a47bb55257c38e","user":{"login":"thumbot","id":20921557,"avatar_url":"https://avatars.githubusercontent.com/u/20921557?v=3","gravatar_id":"","url":"https://api.github.com/users/thumbot","html_url":"https://github.com/thumbot","followers_url":"https://api.github.com/users/thumbot/followers","following_url":"https://api.github.com/users/thumbot/following{/other_user}","gists_url":"https://api.github.com/users/thumbot/gists{/gist_id}","starred_url":"https://api.github.com/users/thumbot/starred{/owner}{/repo}","subscriptions_url":"https://api.github.com/users/thumbot/subscriptions","organizations_url":"https://api.github.com/users/thumbot/orgs","repos_url":"https://api.github.com/users/thumbot/repos","events_url":"https://api.github.com/users/thumbot/events{/privacy}","received_events_url":"https://api.github.com/users/thumbot/received_events","type":"User","site_admin":false},"repo":{"id":65270336,"name":"prtester","full_name":"thumbot/prtester","owner":{"login":"thumbot","id":20921557,"avatar_url":"https://avatars.githubusercontent.com/u/20921557?v=3","gravatar_id":"","url":"https://api.github.com/users/thumbot","html_url":"https://github.com/thumbot","followers_url":"https://api.github.com/users/thumbot/followers","following_url":"https://api.github.com/users/thumbot/following{/other_user}","gists_url":"https://api.github.com/users/thumbot/gists{/gist_id}","starred_url":"https://api.github.com/users/thumbot/starred{/owner}{/repo}","subscriptions_url":"https://api.github.com/users/thumbot/subscriptions","organizations_url":"https://api.github.com/users/thumbot/orgs","repos_url":"https://api.github.com/users/thumbot/repos","events_url":"https://api.github.com/users/thumbot/events{/privacy}","received_events_url":"https://api.github.com/users/thumbot/received_events","type":"User","site_admin":false},"private":false,"html_url":"https://github.com/thumbot/prtester","description":"testing
        pr","fork":true,"url":"https://api.github.com/repos/thumbot/prtester","forks_url":"https://api.github.com/repos/thumbot/prtester/forks","keys_url":"https://api.github.com/repos/thumbot/prtester/keys{/key_id}","collaborators_url":"https://api.github.com/repos/thumbot/prtester/collaborators{/collaborator}","teams_url":"https://api.github.com/repos/thumbot/prtester/teams","hooks_url":"https://api.github.com/repos/thumbot/prtester/hooks","issue_events_url":"https://api.github.com/repos/thumbot/prtester/issues/events{/number}","events_url":"https://api.github.com/repos/thumbot/prtester/events","assignees_url":"https://api.github.com/repos/thumbot/prtester/assignees{/user}","branches_url":"https://api.github.com/repos/thumbot/prtester/branches{/branch}","tags_url":"https://api.github.com/repos/thumbot/prtester/tags","blobs_url":"https://api.github.com/repos/thumbot/prtester/git/blobs{/sha}","git_tags_url":"https://api.github.com/repos/thumbot/prtester/git/tags{/sha}","git_refs_url":"https://api.github.com/repos/thumbot/prtester/git/refs{/sha}","trees_url":"https://api.github.com/repos/thumbot/prtester/git/trees{/sha}","statuses_url":"https://api.github.com/repos/thumbot/prtester/statuses/{sha}","languages_url":"https://api.github.com/repos/thumbot/prtester/languages","stargazers_url":"https://api.github.com/repos/thumbot/prtester/stargazers","contributors_url":"https://api.github.com/repos/thumbot/prtester/contributors","subscribers_url":"https://api.github.com/repos/thumbot/prtester/subscribers","subscription_url":"https://api.github.com/repos/thumbot/prtester/subscription","commits_url":"https://api.github.com/repos/thumbot/prtester/commits{/sha}","git_commits_url":"https://api.github.com/repos/thumbot/prtester/git/commits{/sha}","comments_url":"https://api.github.com/repos/thumbot/prtester/comments{/number}","issue_comment_url":"https://api.github.com/repos/thumbot/prtester/issues/comments{/number}","contents_url":"https://api.github.com/repos/thumbot/prtester/contents/{+path}","compare_url":"https://api.github.com/repos/thumbot/prtester/compare/{base}...{head}","merges_url":"https://api.github.com/repos/thumbot/prtester/merges","archive_url":"https://api.github.com/repos/thumbot/prtester/{archive_format}{/ref}","downloads_url":"https://api.github.com/repos/thumbot/prtester/downloads","issues_url":"https://api.github.com/repos/thumbot/prtester/issues{/number}","pulls_url":"https://api.github.com/repos/thumbot/prtester/pulls{/number}","milestones_url":"https://api.github.com/repos/thumbot/prtester/milestones{/number}","notifications_url":"https://api.github.com/repos/thumbot/prtester/notifications{?since,all,participating}","labels_url":"https://api.github.com/repos/thumbot/prtester/labels{/name}","releases_url":"https://api.github.com/repos/thumbot/prtester/releases{/id}","deployments_url":"https://api.github.com/repos/thumbot/prtester/deployments","created_at":"2016-08-09T06:48:24Z","updated_at":"2016-08-09T06:48:25Z","pushed_at":"2016-09-22T05:34:48Z","git_url":"git://github.com/thumbot/prtester.git","ssh_url":"git@github.com:thumbot/prtester.git","clone_url":"https://github.com/thumbot/prtester.git","svn_url":"https://github.com/thumbot/prtester","homepage":null,"size":240,"stargazers_count":0,"watchers_count":0,"language":"Makefile","has_issues":false,"has_downloads":true,"has_wiki":true,"has_pages":false,"forks_count":0,"mirror_url":null,"open_issues_count":8,"forks":0,"open_issues":8,"watchers":0,"default_branch":"master"}},"_links":{"self":{"href":"https://api.github.com/repos/thumbot/prtester/pulls/453"},"html":{"href":"https://github.com/thumbot/prtester/pull/453"},"issue":{"href":"https://api.github.com/repos/thumbot/prtester/issues/453"},"comments":{"href":"https://api.github.com/repos/thumbot/prtester/issues/453/comments"},"review_comments":{"href":"https://api.github.com/repos/thumbot/prtester/pulls/453/comments"},"review_comment":{"href":"https://api.github.com/repos/thumbot/prtester/pulls/comments{/number}"},"commits":{"href":"https://api.github.com/repos/thumbot/prtester/pulls/453/commits"},"statuses":{"href":"https://api.github.com/repos/thumbot/prtester/statuses/0b2a2be86485c6d1a55399741d486f92c4562fa6"}},"merged":false,"mergeable":true,"mergeable_state":"clean","merged_by":null,"comments":1,"review_comments":0,"commits":1,"additions":1,"deletions":1,"changed_files":1}'
    http_version: 
  recorded_at: Thu, 22 Sep 2016 20:03:16 GMT
- request:
    method: get
    uri: https://thumbot:B%2FGUk%3E~22%3Ec%2A%24I%7CIa%3C%40@api.github.com/repos/thumbot/prtester/pulls/453
    body:
      encoding: US-ASCII
      string: ''
    headers:
      Accept:
      - application/vnd.github.v3+json
      User-Agent:
      - Octokit Ruby Gem 4.3.0
      Content-Type:
      - application/json
      Accept-Encoding:
      - gzip;q=1.0,deflate;q=0.6,identity;q=0.3
  response:
    status:
      code: 200
      message: OK
    headers:
      Server:
      - GitHub.com
      Date:
      - Thu, 22 Sep 2016 20:03:17 GMT
      Content-Type:
      - application/json; charset=utf-8
      Transfer-Encoding:
      - chunked
      Status:
      - 200 OK
      X-Ratelimit-Limit:
      - '5000'
      X-Ratelimit-Remaining:
      - '4892'
      X-Ratelimit-Reset:
      - '1474577734'
      Cache-Control:
      - private, max-age=60, s-maxage=60
      Vary:
      - Accept, Authorization, Cookie, X-GitHub-OTP
      - Accept-Encoding
      Etag:
      - W/"e79c8e344a96fdf15dcf4aa776430da9"
      Last-Modified:
      - Thu, 22 Sep 2016 20:01:59 GMT
      X-Github-Media-Type:
      - github.v3; format=json
      Access-Control-Expose-Headers:
      - ETag, Link, X-GitHub-OTP, X-RateLimit-Limit, X-RateLimit-Remaining, X-RateLimit-Reset,
        X-OAuth-Scopes, X-Accepted-OAuth-Scopes, X-Poll-Interval
      Access-Control-Allow-Origin:
      - "*"
      Content-Security-Policy:
      - default-src 'none'
      Strict-Transport-Security:
      - max-age=31536000; includeSubdomains; preload
      X-Content-Type-Options:
      - nosniff
      X-Frame-Options:
      - deny
      X-Xss-Protection:
      - 1; mode=block
      X-Served-By:
      - 4c8b2d4732c413f4b9aefe394bd65569
      X-Github-Request-Id:
      - AD1C2EC5:2360:874C85E:57E43905
    body:
      encoding: ASCII-8BIT
      string: '{"url":"https://api.github.com/repos/thumbot/prtester/pulls/453","id":86281365,"html_url":"https://github.com/thumbot/prtester/pull/453","diff_url":"https://github.com/thumbot/prtester/pull/453.diff","patch_url":"https://github.com/thumbot/prtester/pull/453.patch","issue_url":"https://api.github.com/repos/thumbot/prtester/issues/453","number":453,"state":"open","locked":false,"title":"Testing
        PR","user":{"login":"thumbot","id":20921557,"avatar_url":"https://avatars.githubusercontent.com/u/20921557?v=3","gravatar_id":"","url":"https://api.github.com/users/thumbot","html_url":"https://github.com/thumbot","followers_url":"https://api.github.com/users/thumbot/followers","following_url":"https://api.github.com/users/thumbot/following{/other_user}","gists_url":"https://api.github.com/users/thumbot/gists{/gist_id}","starred_url":"https://api.github.com/users/thumbot/starred{/owner}{/repo}","subscriptions_url":"https://api.github.com/users/thumbot/subscriptions","organizations_url":"https://api.github.com/users/thumbot/orgs","repos_url":"https://api.github.com/users/thumbot/repos","events_url":"https://api.github.com/users/thumbot/events{/privacy}","received_events_url":"https://api.github.com/users/thumbot/received_events","type":"User","site_admin":false},"body":"Thumbs
        Git Robot: This pr has been created for testing purposes","created_at":"2016-09-22T05:34:48Z","updated_at":"2016-09-22T20:01:59Z","closed_at":null,"merged_at":null,"merge_commit_sha":"fd9f38bfcdafe8e76012139e2e7d9025daeaa54e","assignee":null,"assignees":[],"milestone":null,"commits_url":"https://api.github.com/repos/thumbot/prtester/pulls/453/commits","review_comments_url":"https://api.github.com/repos/thumbot/prtester/pulls/453/comments","review_comment_url":"https://api.github.com/repos/thumbot/prtester/pulls/comments{/number}","comments_url":"https://api.github.com/repos/thumbot/prtester/issues/453/comments","statuses_url":"https://api.github.com/repos/thumbot/prtester/statuses/0b2a2be86485c6d1a55399741d486f92c4562fa6","head":{"label":"thumbot:feature_1474522484","ref":"feature_1474522484","sha":"0b2a2be86485c6d1a55399741d486f92c4562fa6","user":{"login":"thumbot","id":20921557,"avatar_url":"https://avatars.githubusercontent.com/u/20921557?v=3","gravatar_id":"","url":"https://api.github.com/users/thumbot","html_url":"https://github.com/thumbot","followers_url":"https://api.github.com/users/thumbot/followers","following_url":"https://api.github.com/users/thumbot/following{/other_user}","gists_url":"https://api.github.com/users/thumbot/gists{/gist_id}","starred_url":"https://api.github.com/users/thumbot/starred{/owner}{/repo}","subscriptions_url":"https://api.github.com/users/thumbot/subscriptions","organizations_url":"https://api.github.com/users/thumbot/orgs","repos_url":"https://api.github.com/users/thumbot/repos","events_url":"https://api.github.com/users/thumbot/events{/privacy}","received_events_url":"https://api.github.com/users/thumbot/received_events","type":"User","site_admin":false},"repo":{"id":65270336,"name":"prtester","full_name":"thumbot/prtester","owner":{"login":"thumbot","id":20921557,"avatar_url":"https://avatars.githubusercontent.com/u/20921557?v=3","gravatar_id":"","url":"https://api.github.com/users/thumbot","html_url":"https://github.com/thumbot","followers_url":"https://api.github.com/users/thumbot/followers","following_url":"https://api.github.com/users/thumbot/following{/other_user}","gists_url":"https://api.github.com/users/thumbot/gists{/gist_id}","starred_url":"https://api.github.com/users/thumbot/starred{/owner}{/repo}","subscriptions_url":"https://api.github.com/users/thumbot/subscriptions","organizations_url":"https://api.github.com/users/thumbot/orgs","repos_url":"https://api.github.com/users/thumbot/repos","events_url":"https://api.github.com/users/thumbot/events{/privacy}","received_events_url":"https://api.github.com/users/thumbot/received_events","type":"User","site_admin":false},"private":false,"html_url":"https://github.com/thumbot/prtester","description":"testing
        pr","fork":true,"url":"https://api.github.com/repos/thumbot/prtester","forks_url":"https://api.github.com/repos/thumbot/prtester/forks","keys_url":"https://api.github.com/repos/thumbot/prtester/keys{/key_id}","collaborators_url":"https://api.github.com/repos/thumbot/prtester/collaborators{/collaborator}","teams_url":"https://api.github.com/repos/thumbot/prtester/teams","hooks_url":"https://api.github.com/repos/thumbot/prtester/hooks","issue_events_url":"https://api.github.com/repos/thumbot/prtester/issues/events{/number}","events_url":"https://api.github.com/repos/thumbot/prtester/events","assignees_url":"https://api.github.com/repos/thumbot/prtester/assignees{/user}","branches_url":"https://api.github.com/repos/thumbot/prtester/branches{/branch}","tags_url":"https://api.github.com/repos/thumbot/prtester/tags","blobs_url":"https://api.github.com/repos/thumbot/prtester/git/blobs{/sha}","git_tags_url":"https://api.github.com/repos/thumbot/prtester/git/tags{/sha}","git_refs_url":"https://api.github.com/repos/thumbot/prtester/git/refs{/sha}","trees_url":"https://api.github.com/repos/thumbot/prtester/git/trees{/sha}","statuses_url":"https://api.github.com/repos/thumbot/prtester/statuses/{sha}","languages_url":"https://api.github.com/repos/thumbot/prtester/languages","stargazers_url":"https://api.github.com/repos/thumbot/prtester/stargazers","contributors_url":"https://api.github.com/repos/thumbot/prtester/contributors","subscribers_url":"https://api.github.com/repos/thumbot/prtester/subscribers","subscription_url":"https://api.github.com/repos/thumbot/prtester/subscription","commits_url":"https://api.github.com/repos/thumbot/prtester/commits{/sha}","git_commits_url":"https://api.github.com/repos/thumbot/prtester/git/commits{/sha}","comments_url":"https://api.github.com/repos/thumbot/prtester/comments{/number}","issue_comment_url":"https://api.github.com/repos/thumbot/prtester/issues/comments{/number}","contents_url":"https://api.github.com/repos/thumbot/prtester/contents/{+path}","compare_url":"https://api.github.com/repos/thumbot/prtester/compare/{base}...{head}","merges_url":"https://api.github.com/repos/thumbot/prtester/merges","archive_url":"https://api.github.com/repos/thumbot/prtester/{archive_format}{/ref}","downloads_url":"https://api.github.com/repos/thumbot/prtester/downloads","issues_url":"https://api.github.com/repos/thumbot/prtester/issues{/number}","pulls_url":"https://api.github.com/repos/thumbot/prtester/pulls{/number}","milestones_url":"https://api.github.com/repos/thumbot/prtester/milestones{/number}","notifications_url":"https://api.github.com/repos/thumbot/prtester/notifications{?since,all,participating}","labels_url":"https://api.github.com/repos/thumbot/prtester/labels{/name}","releases_url":"https://api.github.com/repos/thumbot/prtester/releases{/id}","deployments_url":"https://api.github.com/repos/thumbot/prtester/deployments","created_at":"2016-08-09T06:48:24Z","updated_at":"2016-08-09T06:48:25Z","pushed_at":"2016-09-22T05:34:48Z","git_url":"git://github.com/thumbot/prtester.git","ssh_url":"git@github.com:thumbot/prtester.git","clone_url":"https://github.com/thumbot/prtester.git","svn_url":"https://github.com/thumbot/prtester","homepage":null,"size":240,"stargazers_count":0,"watchers_count":0,"language":"Makefile","has_issues":false,"has_downloads":true,"has_wiki":true,"has_pages":false,"forks_count":0,"mirror_url":null,"open_issues_count":8,"forks":0,"open_issues":8,"watchers":0,"default_branch":"master"}},"base":{"label":"thumbot:master","ref":"master","sha":"c698629fda74b02beba0b4aa97a47bb55257c38e","user":{"login":"thumbot","id":20921557,"avatar_url":"https://avatars.githubusercontent.com/u/20921557?v=3","gravatar_id":"","url":"https://api.github.com/users/thumbot","html_url":"https://github.com/thumbot","followers_url":"https://api.github.com/users/thumbot/followers","following_url":"https://api.github.com/users/thumbot/following{/other_user}","gists_url":"https://api.github.com/users/thumbot/gists{/gist_id}","starred_url":"https://api.github.com/users/thumbot/starred{/owner}{/repo}","subscriptions_url":"https://api.github.com/users/thumbot/subscriptions","organizations_url":"https://api.github.com/users/thumbot/orgs","repos_url":"https://api.github.com/users/thumbot/repos","events_url":"https://api.github.com/users/thumbot/events{/privacy}","received_events_url":"https://api.github.com/users/thumbot/received_events","type":"User","site_admin":false},"repo":{"id":65270336,"name":"prtester","full_name":"thumbot/prtester","owner":{"login":"thumbot","id":20921557,"avatar_url":"https://avatars.githubusercontent.com/u/20921557?v=3","gravatar_id":"","url":"https://api.github.com/users/thumbot","html_url":"https://github.com/thumbot","followers_url":"https://api.github.com/users/thumbot/followers","following_url":"https://api.github.com/users/thumbot/following{/other_user}","gists_url":"https://api.github.com/users/thumbot/gists{/gist_id}","starred_url":"https://api.github.com/users/thumbot/starred{/owner}{/repo}","subscriptions_url":"https://api.github.com/users/thumbot/subscriptions","organizations_url":"https://api.github.com/users/thumbot/orgs","repos_url":"https://api.github.com/users/thumbot/repos","events_url":"https://api.github.com/users/thumbot/events{/privacy}","received_events_url":"https://api.github.com/users/thumbot/received_events","type":"User","site_admin":false},"private":false,"html_url":"https://github.com/thumbot/prtester","description":"testing
        pr","fork":true,"url":"https://api.github.com/repos/thumbot/prtester","forks_url":"https://api.github.com/repos/thumbot/prtester/forks","keys_url":"https://api.github.com/repos/thumbot/prtester/keys{/key_id}","collaborators_url":"https://api.github.com/repos/thumbot/prtester/collaborators{/collaborator}","teams_url":"https://api.github.com/repos/thumbot/prtester/teams","hooks_url":"https://api.github.com/repos/thumbot/prtester/hooks","issue_events_url":"https://api.github.com/repos/thumbot/prtester/issues/events{/number}","events_url":"https://api.github.com/repos/thumbot/prtester/events","assignees_url":"https://api.github.com/repos/thumbot/prtester/assignees{/user}","branches_url":"https://api.github.com/repos/thumbot/prtester/branches{/branch}","tags_url":"https://api.github.com/repos/thumbot/prtester/tags","blobs_url":"https://api.github.com/repos/thumbot/prtester/git/blobs{/sha}","git_tags_url":"https://api.github.com/repos/thumbot/prtester/git/tags{/sha}","git_refs_url":"https://api.github.com/repos/thumbot/prtester/git/refs{/sha}","trees_url":"https://api.github.com/repos/thumbot/prtester/git/trees{/sha}","statuses_url":"https://api.github.com/repos/thumbot/prtester/statuses/{sha}","languages_url":"https://api.github.com/repos/thumbot/prtester/languages","stargazers_url":"https://api.github.com/repos/thumbot/prtester/stargazers","contributors_url":"https://api.github.com/repos/thumbot/prtester/contributors","subscribers_url":"https://api.github.com/repos/thumbot/prtester/subscribers","subscription_url":"https://api.github.com/repos/thumbot/prtester/subscription","commits_url":"https://api.github.com/repos/thumbot/prtester/commits{/sha}","git_commits_url":"https://api.github.com/repos/thumbot/prtester/git/commits{/sha}","comments_url":"https://api.github.com/repos/thumbot/prtester/comments{/number}","issue_comment_url":"https://api.github.com/repos/thumbot/prtester/issues/comments{/number}","contents_url":"https://api.github.com/repos/thumbot/prtester/contents/{+path}","compare_url":"https://api.github.com/repos/thumbot/prtester/compare/{base}...{head}","merges_url":"https://api.github.com/repos/thumbot/prtester/merges","archive_url":"https://api.github.com/repos/thumbot/prtester/{archive_format}{/ref}","downloads_url":"https://api.github.com/repos/thumbot/prtester/downloads","issues_url":"https://api.github.com/repos/thumbot/prtester/issues{/number}","pulls_url":"https://api.github.com/repos/thumbot/prtester/pulls{/number}","milestones_url":"https://api.github.com/repos/thumbot/prtester/milestones{/number}","notifications_url":"https://api.github.com/repos/thumbot/prtester/notifications{?since,all,participating}","labels_url":"https://api.github.com/repos/thumbot/prtester/labels{/name}","releases_url":"https://api.github.com/repos/thumbot/prtester/releases{/id}","deployments_url":"https://api.github.com/repos/thumbot/prtester/deployments","created_at":"2016-08-09T06:48:24Z","updated_at":"2016-08-09T06:48:25Z","pushed_at":"2016-09-22T05:34:48Z","git_url":"git://github.com/thumbot/prtester.git","ssh_url":"git@github.com:thumbot/prtester.git","clone_url":"https://github.com/thumbot/prtester.git","svn_url":"https://github.com/thumbot/prtester","homepage":null,"size":240,"stargazers_count":0,"watchers_count":0,"language":"Makefile","has_issues":false,"has_downloads":true,"has_wiki":true,"has_pages":false,"forks_count":0,"mirror_url":null,"open_issues_count":8,"forks":0,"open_issues":8,"watchers":0,"default_branch":"master"}},"_links":{"self":{"href":"https://api.github.com/repos/thumbot/prtester/pulls/453"},"html":{"href":"https://github.com/thumbot/prtester/pull/453"},"issue":{"href":"https://api.github.com/repos/thumbot/prtester/issues/453"},"comments":{"href":"https://api.github.com/repos/thumbot/prtester/issues/453/comments"},"review_comments":{"href":"https://api.github.com/repos/thumbot/prtester/pulls/453/comments"},"review_comment":{"href":"https://api.github.com/repos/thumbot/prtester/pulls/comments{/number}"},"commits":{"href":"https://api.github.com/repos/thumbot/prtester/pulls/453/commits"},"statuses":{"href":"https://api.github.com/repos/thumbot/prtester/statuses/0b2a2be86485c6d1a55399741d486f92c4562fa6"}},"merged":false,"mergeable":true,"mergeable_state":"clean","merged_by":null,"comments":1,"review_comments":0,"commits":1,"additions":1,"deletions":1,"changed_files":1}'
    http_version: 
  recorded_at: Thu, 22 Sep 2016 20:03:17 GMT
- request:
    method: get
    uri: https://thumbot:B%2FGUk%3E~22%3Ec%2A%24I%7CIa%3C%40@api.github.com/repos/thumbot/prtester/issues/453/comments
    body:
      encoding: US-ASCII
      string: ''
    headers:
      Accept:
      - application/vnd.github.v3+json
      User-Agent:
      - Octokit Ruby Gem 4.3.0
      Content-Type:
      - application/json
      Accept-Encoding:
      - gzip;q=1.0,deflate;q=0.6,identity;q=0.3
  response:
    status:
      code: 200
      message: OK
    headers:
      Server:
      - GitHub.com
      Date:
      - Thu, 22 Sep 2016 20:03:18 GMT
      Content-Type:
      - application/json; charset=utf-8
      Transfer-Encoding:
      - chunked
      Status:
      - 200 OK
      X-Ratelimit-Limit:
      - '5000'
      X-Ratelimit-Remaining:
      - '4891'
      X-Ratelimit-Reset:
      - '1474577734'
      Cache-Control:
      - private, max-age=60, s-maxage=60
      Vary:
      - Accept, Authorization, Cookie, X-GitHub-OTP
      - Accept-Encoding
      Etag:
      - W/"3eeee2171f86d5dee7671978c13e9673"
      X-Github-Media-Type:
      - github.v3; format=json
      Access-Control-Expose-Headers:
      - ETag, Link, X-GitHub-OTP, X-RateLimit-Limit, X-RateLimit-Remaining, X-RateLimit-Reset,
        X-OAuth-Scopes, X-Accepted-OAuth-Scopes, X-Poll-Interval
      Access-Control-Allow-Origin:
      - "*"
      Content-Security-Policy:
      - default-src 'none'
      Strict-Transport-Security:
      - max-age=31536000; includeSubdomains; preload
      X-Content-Type-Options:
      - nosniff
      X-Frame-Options:
      - deny
      X-Xss-Protection:
      - 1; mode=block
      X-Served-By:
      - 76d9828c7e4f1d910f7ba069e90ce976
      X-Github-Request-Id:
      - AD1C2EC5:2356:A5F3931:57E43905
    body:
      encoding: ASCII-8BIT
      string: '[{"url":"https://api.github.com/repos/thumbot/prtester/issues/comments/249012072","html_url":"https://github.com/thumbot/prtester/pull/453#issuecomment-249012072","issue_url":"https://api.github.com/repos/thumbot/prtester/issues/453","id":249012072,"user":{"login":"thumbot","id":20921557,"avatar_url":"https://avatars.githubusercontent.com/u/20921557?v=3","gravatar_id":"","url":"https://api.github.com/users/thumbot","html_url":"https://github.com/thumbot","followers_url":"https://api.github.com/users/thumbot/followers","following_url":"https://api.github.com/users/thumbot/following{/other_user}","gists_url":"https://api.github.com/users/thumbot/gists{/gist_id}","starred_url":"https://api.github.com/users/thumbot/starred{/owner}{/repo}","subscriptions_url":"https://api.github.com/users/thumbot/subscriptions","organizations_url":"https://api.github.com/users/thumbot/orgs","repos_url":"https://api.github.com/users/thumbot/repos","events_url":"https://api.github.com/users/thumbot/events{/privacy}","received_events_url":"https://api.github.com/users/thumbot/received_events","type":"User","site_admin":false},"created_at":"2016-09-22T20:01:59Z","updated_at":"2016-09-22T20:01:59Z","body":"test"}]'
    http_version: 
  recorded_at: Thu, 22 Sep 2016 20:03:17 GMT
- request:
    method: get
    uri: https://thumbot:B%2FGUk%3E~22%3Ec%2A%24I%7CIa%3C%40@api.github.com/repos/thumbot/prtester/issues/453/comments
    body:
      encoding: US-ASCII
      string: ''
    headers:
      Accept:
      - application/vnd.github.v3+json
      User-Agent:
      - Octokit Ruby Gem 4.3.0
      Content-Type:
      - application/json
      Accept-Encoding:
      - gzip;q=1.0,deflate;q=0.6,identity;q=0.3
  response:
    status:
      code: 200
      message: OK
    headers:
      Server:
      - GitHub.com
      Date:
      - Thu, 22 Sep 2016 20:03:18 GMT
      Content-Type:
      - application/json; charset=utf-8
      Transfer-Encoding:
      - chunked
      Status:
      - 200 OK
      X-Ratelimit-Limit:
      - '5000'
      X-Ratelimit-Remaining:
      - '4890'
      X-Ratelimit-Reset:
      - '1474577734'
      Cache-Control:
      - private, max-age=60, s-maxage=60
      Vary:
      - Accept, Authorization, Cookie, X-GitHub-OTP
      - Accept-Encoding
      Etag:
      - W/"3eeee2171f86d5dee7671978c13e9673"
      X-Github-Media-Type:
      - github.v3; format=json
      Access-Control-Expose-Headers:
      - ETag, Link, X-GitHub-OTP, X-RateLimit-Limit, X-RateLimit-Remaining, X-RateLimit-Reset,
        X-OAuth-Scopes, X-Accepted-OAuth-Scopes, X-Poll-Interval
      Access-Control-Allow-Origin:
      - "*"
      Content-Security-Policy:
      - default-src 'none'
      Strict-Transport-Security:
      - max-age=31536000; includeSubdomains; preload
      X-Content-Type-Options:
      - nosniff
      X-Frame-Options:
      - deny
      X-Xss-Protection:
      - 1; mode=block
      X-Served-By:
      - 318e55760cf7cdb40e61175a4d36cd32
      X-Github-Request-Id:
      - AD1C2EC5:2356:A5F3994:57E43906
    body:
      encoding: ASCII-8BIT
      string: '[{"url":"https://api.github.com/repos/thumbot/prtester/issues/comments/249012072","html_url":"https://github.com/thumbot/prtester/pull/453#issuecomment-249012072","issue_url":"https://api.github.com/repos/thumbot/prtester/issues/453","id":249012072,"user":{"login":"thumbot","id":20921557,"avatar_url":"https://avatars.githubusercontent.com/u/20921557?v=3","gravatar_id":"","url":"https://api.github.com/users/thumbot","html_url":"https://github.com/thumbot","followers_url":"https://api.github.com/users/thumbot/followers","following_url":"https://api.github.com/users/thumbot/following{/other_user}","gists_url":"https://api.github.com/users/thumbot/gists{/gist_id}","starred_url":"https://api.github.com/users/thumbot/starred{/owner}{/repo}","subscriptions_url":"https://api.github.com/users/thumbot/subscriptions","organizations_url":"https://api.github.com/users/thumbot/orgs","repos_url":"https://api.github.com/users/thumbot/repos","events_url":"https://api.github.com/users/thumbot/events{/privacy}","received_events_url":"https://api.github.com/users/thumbot/received_events","type":"User","site_admin":false},"created_at":"2016-09-22T20:01:59Z","updated_at":"2016-09-22T20:01:59Z","body":"test"}]'
    http_version: 
  recorded_at: Thu, 22 Sep 2016 20:03:18 GMT
- request:
    method: get
    uri: https://thumbot:B%2FGUk%3E~22%3Ec%2A%24I%7CIa%3C%40@api.github.com/repos/thumbot/prtester/issues/453/comments
    body:
      encoding: US-ASCII
      string: ''
    headers:
      Accept:
      - application/vnd.github.v3+json
      User-Agent:
      - Octokit Ruby Gem 4.3.0
      Content-Type:
      - application/json
      Accept-Encoding:
      - gzip;q=1.0,deflate;q=0.6,identity;q=0.3
  response:
    status:
      code: 200
      message: OK
    headers:
      Server:
      - GitHub.com
      Date:
      - Thu, 22 Sep 2016 20:03:18 GMT
      Content-Type:
      - application/json; charset=utf-8
      Transfer-Encoding:
      - chunked
      Status:
      - 200 OK
      X-Ratelimit-Limit:
      - '5000'
      X-Ratelimit-Remaining:
      - '4889'
      X-Ratelimit-Reset:
      - '1474577734'
      Cache-Control:
      - private, max-age=60, s-maxage=60
      Vary:
      - Accept, Authorization, Cookie, X-GitHub-OTP
      - Accept-Encoding
      Etag:
      - W/"3eeee2171f86d5dee7671978c13e9673"
      X-Github-Media-Type:
      - github.v3; format=json
      Access-Control-Expose-Headers:
      - ETag, Link, X-GitHub-OTP, X-RateLimit-Limit, X-RateLimit-Remaining, X-RateLimit-Reset,
        X-OAuth-Scopes, X-Accepted-OAuth-Scopes, X-Poll-Interval
      Access-Control-Allow-Origin:
      - "*"
      Content-Security-Policy:
      - default-src 'none'
      Strict-Transport-Security:
      - max-age=31536000; includeSubdomains; preload
      X-Content-Type-Options:
      - nosniff
      X-Frame-Options:
      - deny
      X-Xss-Protection:
      - 1; mode=block
      X-Served-By:
      - 8dd185e423974a7e13abbbe6e060031e
      X-Github-Request-Id:
      - AD1C2EC5:2356:A5F3A09:57E43906
    body:
      encoding: ASCII-8BIT
      string: '[{"url":"https://api.github.com/repos/thumbot/prtester/issues/comments/249012072","html_url":"https://github.com/thumbot/prtester/pull/453#issuecomment-249012072","issue_url":"https://api.github.com/repos/thumbot/prtester/issues/453","id":249012072,"user":{"login":"thumbot","id":20921557,"avatar_url":"https://avatars.githubusercontent.com/u/20921557?v=3","gravatar_id":"","url":"https://api.github.com/users/thumbot","html_url":"https://github.com/thumbot","followers_url":"https://api.github.com/users/thumbot/followers","following_url":"https://api.github.com/users/thumbot/following{/other_user}","gists_url":"https://api.github.com/users/thumbot/gists{/gist_id}","starred_url":"https://api.github.com/users/thumbot/starred{/owner}{/repo}","subscriptions_url":"https://api.github.com/users/thumbot/subscriptions","organizations_url":"https://api.github.com/users/thumbot/orgs","repos_url":"https://api.github.com/users/thumbot/repos","events_url":"https://api.github.com/users/thumbot/events{/privacy}","received_events_url":"https://api.github.com/users/thumbot/received_events","type":"User","site_admin":false},"created_at":"2016-09-22T20:01:59Z","updated_at":"2016-09-22T20:01:59Z","body":"test"}]'
    http_version: 
  recorded_at: Thu, 22 Sep 2016 20:03:18 GMT
- request:
    method: get
    uri: https://thumbot:B%2FGUk%3E~22%3Ec%2A%24I%7CIa%3C%40@api.github.com/repos/thumbot/prtester/issues/453/comments
    body:
      encoding: US-ASCII
      string: ''
    headers:
      Accept:
      - application/vnd.github.v3+json
      User-Agent:
      - Octokit Ruby Gem 4.3.0
      Content-Type:
      - application/json
      Accept-Encoding:
      - gzip;q=1.0,deflate;q=0.6,identity;q=0.3
  response:
    status:
      code: 200
      message: OK
    headers:
      Server:
      - GitHub.com
      Date:
      - Thu, 22 Sep 2016 20:03:19 GMT
      Content-Type:
      - application/json; charset=utf-8
      Transfer-Encoding:
      - chunked
      Status:
      - 200 OK
      X-Ratelimit-Limit:
      - '5000'
      X-Ratelimit-Remaining:
      - '4888'
      X-Ratelimit-Reset:
      - '1474577734'
      Cache-Control:
      - private, max-age=60, s-maxage=60
      Vary:
      - Accept, Authorization, Cookie, X-GitHub-OTP
      - Accept-Encoding
      Etag:
      - W/"3eeee2171f86d5dee7671978c13e9673"
      X-Github-Media-Type:
      - github.v3; format=json
      Access-Control-Expose-Headers:
      - ETag, Link, X-GitHub-OTP, X-RateLimit-Limit, X-RateLimit-Remaining, X-RateLimit-Reset,
        X-OAuth-Scopes, X-Accepted-OAuth-Scopes, X-Poll-Interval
      Access-Control-Allow-Origin:
      - "*"
      Content-Security-Policy:
      - default-src 'none'
      Strict-Transport-Security:
      - max-age=31536000; includeSubdomains; preload
      X-Content-Type-Options:
      - nosniff
      X-Frame-Options:
      - deny
      X-Xss-Protection:
      - 1; mode=block
      X-Served-By:
      - 474556b853193c38f1b14328ce2d1b7d
      X-Github-Request-Id:
      - AD1C2EC5:2360:874CABF:57E43907
    body:
      encoding: ASCII-8BIT
      string: '[{"url":"https://api.github.com/repos/thumbot/prtester/issues/comments/249012072","html_url":"https://github.com/thumbot/prtester/pull/453#issuecomment-249012072","issue_url":"https://api.github.com/repos/thumbot/prtester/issues/453","id":249012072,"user":{"login":"thumbot","id":20921557,"avatar_url":"https://avatars.githubusercontent.com/u/20921557?v=3","gravatar_id":"","url":"https://api.github.com/users/thumbot","html_url":"https://github.com/thumbot","followers_url":"https://api.github.com/users/thumbot/followers","following_url":"https://api.github.com/users/thumbot/following{/other_user}","gists_url":"https://api.github.com/users/thumbot/gists{/gist_id}","starred_url":"https://api.github.com/users/thumbot/starred{/owner}{/repo}","subscriptions_url":"https://api.github.com/users/thumbot/subscriptions","organizations_url":"https://api.github.com/users/thumbot/orgs","repos_url":"https://api.github.com/users/thumbot/repos","events_url":"https://api.github.com/users/thumbot/events{/privacy}","received_events_url":"https://api.github.com/users/thumbot/received_events","type":"User","site_admin":false},"created_at":"2016-09-22T20:01:59Z","updated_at":"2016-09-22T20:01:59Z","body":"test"}]'
    http_version: 
  recorded_at: Thu, 22 Sep 2016 20:03:19 GMT
- request:
    method: get
    uri: https://thumbot:B%2FGUk%3E~22%3Ec%2A%24I%7CIa%3C%40@api.github.com/repos/thumbot/prtester/issues/453/comments
    body:
      encoding: US-ASCII
      string: ''
    headers:
      Accept:
      - application/vnd.github.v3+json
      User-Agent:
      - Octokit Ruby Gem 4.3.0
      Content-Type:
      - application/json
      Accept-Encoding:
      - gzip;q=1.0,deflate;q=0.6,identity;q=0.3
  response:
    status:
      code: 200
      message: OK
    headers:
      Server:
      - GitHub.com
      Date:
      - Thu, 22 Sep 2016 20:03:20 GMT
      Content-Type:
      - application/json; charset=utf-8
      Transfer-Encoding:
      - chunked
      Status:
      - 200 OK
      X-Ratelimit-Limit:
      - '5000'
      X-Ratelimit-Remaining:
      - '4887'
      X-Ratelimit-Reset:
      - '1474577734'
      Cache-Control:
      - private, max-age=60, s-maxage=60
      Vary:
      - Accept, Authorization, Cookie, X-GitHub-OTP
      - Accept-Encoding
      Etag:
      - W/"3eeee2171f86d5dee7671978c13e9673"
      X-Github-Media-Type:
      - github.v3; format=json
      Access-Control-Expose-Headers:
      - ETag, Link, X-GitHub-OTP, X-RateLimit-Limit, X-RateLimit-Remaining, X-RateLimit-Reset,
        X-OAuth-Scopes, X-Accepted-OAuth-Scopes, X-Poll-Interval
      Access-Control-Allow-Origin:
      - "*"
      Content-Security-Policy:
      - default-src 'none'
      Strict-Transport-Security:
      - max-age=31536000; includeSubdomains; preload
      X-Content-Type-Options:
      - nosniff
      X-Frame-Options:
      - deny
      X-Xss-Protection:
      - 1; mode=block
      X-Served-By:
      - bd82876e9bf04990f289ba22f246ee9b
      X-Github-Request-Id:
      - AD1C2EC5:2356:A5F3B75:57E43907
    body:
      encoding: ASCII-8BIT
      string: '[{"url":"https://api.github.com/repos/thumbot/prtester/issues/comments/249012072","html_url":"https://github.com/thumbot/prtester/pull/453#issuecomment-249012072","issue_url":"https://api.github.com/repos/thumbot/prtester/issues/453","id":249012072,"user":{"login":"thumbot","id":20921557,"avatar_url":"https://avatars.githubusercontent.com/u/20921557?v=3","gravatar_id":"","url":"https://api.github.com/users/thumbot","html_url":"https://github.com/thumbot","followers_url":"https://api.github.com/users/thumbot/followers","following_url":"https://api.github.com/users/thumbot/following{/other_user}","gists_url":"https://api.github.com/users/thumbot/gists{/gist_id}","starred_url":"https://api.github.com/users/thumbot/starred{/owner}{/repo}","subscriptions_url":"https://api.github.com/users/thumbot/subscriptions","organizations_url":"https://api.github.com/users/thumbot/orgs","repos_url":"https://api.github.com/users/thumbot/repos","events_url":"https://api.github.com/users/thumbot/events{/privacy}","received_events_url":"https://api.github.com/users/thumbot/received_events","type":"User","site_admin":false},"created_at":"2016-09-22T20:01:59Z","updated_at":"2016-09-22T20:01:59Z","body":"test"}]'
    http_version: 
  recorded_at: Thu, 22 Sep 2016 20:03:20 GMT
- request:
    method: get
    uri: https://thumbot:B%2FGUk%3E~22%3Ec%2A%24I%7CIa%3C%40@api.github.com/repos/thumbot/prtester/issues/453/comments
    body:
      encoding: US-ASCII
      string: ''
    headers:
      Accept:
      - application/vnd.github.v3+json
      User-Agent:
      - Octokit Ruby Gem 4.3.0
      Content-Type:
      - application/json
      Accept-Encoding:
      - gzip;q=1.0,deflate;q=0.6,identity;q=0.3
  response:
    status:
      code: 200
      message: OK
    headers:
      Server:
      - GitHub.com
      Date:
      - Thu, 22 Sep 2016 20:03:20 GMT
      Content-Type:
      - application/json; charset=utf-8
      Transfer-Encoding:
      - chunked
      Status:
      - 200 OK
      X-Ratelimit-Limit:
      - '5000'
      X-Ratelimit-Remaining:
      - '4886'
      X-Ratelimit-Reset:
      - '1474577734'
      Cache-Control:
      - private, max-age=60, s-maxage=60
      Vary:
      - Accept, Authorization, Cookie, X-GitHub-OTP
      - Accept-Encoding
      Etag:
      - W/"3eeee2171f86d5dee7671978c13e9673"
      X-Github-Media-Type:
      - github.v3; format=json
      Access-Control-Expose-Headers:
      - ETag, Link, X-GitHub-OTP, X-RateLimit-Limit, X-RateLimit-Remaining, X-RateLimit-Reset,
        X-OAuth-Scopes, X-Accepted-OAuth-Scopes, X-Poll-Interval
      Access-Control-Allow-Origin:
      - "*"
      Content-Security-Policy:
      - default-src 'none'
      Strict-Transport-Security:
      - max-age=31536000; includeSubdomains; preload
      X-Content-Type-Options:
      - nosniff
      X-Frame-Options:
      - deny
      X-Xss-Protection:
      - 1; mode=block
      X-Served-By:
      - 4c8b2d4732c413f4b9aefe394bd65569
      X-Github-Request-Id:
      - AD1C2EC5:2360:874CC80:57E43908
    body:
      encoding: ASCII-8BIT
      string: '[{"url":"https://api.github.com/repos/thumbot/prtester/issues/comments/249012072","html_url":"https://github.com/thumbot/prtester/pull/453#issuecomment-249012072","issue_url":"https://api.github.com/repos/thumbot/prtester/issues/453","id":249012072,"user":{"login":"thumbot","id":20921557,"avatar_url":"https://avatars.githubusercontent.com/u/20921557?v=3","gravatar_id":"","url":"https://api.github.com/users/thumbot","html_url":"https://github.com/thumbot","followers_url":"https://api.github.com/users/thumbot/followers","following_url":"https://api.github.com/users/thumbot/following{/other_user}","gists_url":"https://api.github.com/users/thumbot/gists{/gist_id}","starred_url":"https://api.github.com/users/thumbot/starred{/owner}{/repo}","subscriptions_url":"https://api.github.com/users/thumbot/subscriptions","organizations_url":"https://api.github.com/users/thumbot/orgs","repos_url":"https://api.github.com/users/thumbot/repos","events_url":"https://api.github.com/users/thumbot/events{/privacy}","received_events_url":"https://api.github.com/users/thumbot/received_events","type":"User","site_admin":false},"created_at":"2016-09-22T20:01:59Z","updated_at":"2016-09-22T20:01:59Z","body":"test"}]'
    http_version: 
  recorded_at: Thu, 22 Sep 2016 20:03:20 GMT
- request:
    method: get
    uri: https://thumbot:B%2FGUk%3E~22%3Ec%2A%24I%7CIa%3C%40@api.github.com/repos/basho-bin/tester/pulls/27
    body:
      encoding: US-ASCII
      string: ''
    headers:
      Accept:
      - application/vnd.github.v3+json
      User-Agent:
      - Octokit Ruby Gem 4.3.0
      Content-Type:
      - application/json
      Accept-Encoding:
      - gzip;q=1.0,deflate;q=0.6,identity;q=0.3
  response:
    status:
      code: 200
      message: OK
    headers:
      Server:
      - GitHub.com
      Date:
      - Thu, 22 Sep 2016 20:27:17 GMT
      Content-Type:
      - application/json; charset=utf-8
      Transfer-Encoding:
      - chunked
      Status:
      - 200 OK
      X-Ratelimit-Limit:
      - '5000'
      X-Ratelimit-Remaining:
      - '4426'
      X-Ratelimit-Reset:
      - '1474577734'
      Cache-Control:
      - private, max-age=60, s-maxage=60
      Vary:
      - Accept, Authorization, Cookie, X-GitHub-OTP
      - Accept-Encoding
      Etag:
      - W/"e7a46f87ca48d4b193cdc002f6fe5199"
      Last-Modified:
      - Thu, 22 Sep 2016 20:10:32 GMT
      X-Github-Media-Type:
      - github.v3; format=json
      Access-Control-Expose-Headers:
      - ETag, Link, X-GitHub-OTP, X-RateLimit-Limit, X-RateLimit-Remaining, X-RateLimit-Reset,
        X-OAuth-Scopes, X-Accepted-OAuth-Scopes, X-Poll-Interval
      Access-Control-Allow-Origin:
      - "*"
      Content-Security-Policy:
      - default-src 'none'
      Strict-Transport-Security:
      - max-age=31536000; includeSubdomains; preload
      X-Content-Type-Options:
      - nosniff
      X-Frame-Options:
      - deny
      X-Xss-Protection:
      - 1; mode=block
      X-Served-By:
      - 626ed3a9050b8faa02ef5f3c540b508d
      X-Github-Request-Id:
      - AD1C2EC5:2356:A658BB2:57E43EA5
    body:
      encoding: ASCII-8BIT
      string: '{"url":"https://api.github.com/repos/basho-bin/tester/pulls/27","id":86397819,"html_url":"https://github.com/basho-bin/tester/pull/27","diff_url":"https://github.com/basho-bin/tester/pull/27.diff","patch_url":"https://github.com/basho-bin/tester/pull/27.patch","issue_url":"https://api.github.com/repos/basho-bin/tester/issues/27","number":27,"state":"open","locked":false,"title":"testing","user":{"login":"davidx","id":17162,"avatar_url":"https://avatars.githubusercontent.com/u/17162?v=3","gravatar_id":"","url":"https://api.github.com/users/davidx","html_url":"https://github.com/davidx","followers_url":"https://api.github.com/users/davidx/followers","following_url":"https://api.github.com/users/davidx/following{/other_user}","gists_url":"https://api.github.com/users/davidx/gists{/gist_id}","starred_url":"https://api.github.com/users/davidx/starred{/owner}{/repo}","subscriptions_url":"https://api.github.com/users/davidx/subscriptions","organizations_url":"https://api.github.com/users/davidx/orgs","repos_url":"https://api.github.com/users/davidx/repos","events_url":"https://api.github.com/users/davidx/events{/privacy}","received_events_url":"https://api.github.com/users/davidx/received_events","type":"User","site_admin":false},"body":"","created_at":"2016-09-22T19:18:52Z","updated_at":"2016-09-22T20:10:32Z","closed_at":null,"merged_at":null,"merge_commit_sha":"ef19ae1d7c56686223d44b3e6d6a168b47ad48e3","assignee":null,"assignees":[],"milestone":null,"commits_url":"https://api.github.com/repos/basho-bin/tester/pulls/27/commits","review_comments_url":"https://api.github.com/repos/basho-bin/tester/pulls/27/comments","review_comment_url":"https://api.github.com/repos/basho-bin/tester/pulls/comments{/number}","comments_url":"https://api.github.com/repos/basho-bin/tester/issues/27/comments","statuses_url":"https://api.github.com/repos/basho-bin/tester/statuses/c7b1b9121ba4c6d85de8c5d6391c01d85c09a2f2","head":{"label":"basho-bin:1474571870","ref":"1474571870","sha":"c7b1b9121ba4c6d85de8c5d6391c01d85c09a2f2","user":{"login":"basho-bin","id":12898118,"avatar_url":"https://avatars.githubusercontent.com/u/12898118?v=3","gravatar_id":"","url":"https://api.github.com/users/basho-bin","html_url":"https://github.com/basho-bin","followers_url":"https://api.github.com/users/basho-bin/followers","following_url":"https://api.github.com/users/basho-bin/following{/other_user}","gists_url":"https://api.github.com/users/basho-bin/gists{/gist_id}","starred_url":"https://api.github.com/users/basho-bin/starred{/owner}{/repo}","subscriptions_url":"https://api.github.com/users/basho-bin/subscriptions","organizations_url":"https://api.github.com/users/basho-bin/orgs","repos_url":"https://api.github.com/users/basho-bin/repos","events_url":"https://api.github.com/users/basho-bin/events{/privacy}","received_events_url":"https://api.github.com/users/basho-bin/received_events","type":"Organization","site_admin":false},"repo":{"id":60737351,"name":"tester","full_name":"basho-bin/tester","owner":{"login":"basho-bin","id":12898118,"avatar_url":"https://avatars.githubusercontent.com/u/12898118?v=3","gravatar_id":"","url":"https://api.github.com/users/basho-bin","html_url":"https://github.com/basho-bin","followers_url":"https://api.github.com/users/basho-bin/followers","following_url":"https://api.github.com/users/basho-bin/following{/other_user}","gists_url":"https://api.github.com/users/basho-bin/gists{/gist_id}","starred_url":"https://api.github.com/users/basho-bin/starred{/owner}{/repo}","subscriptions_url":"https://api.github.com/users/basho-bin/subscriptions","organizations_url":"https://api.github.com/users/basho-bin/orgs","repos_url":"https://api.github.com/users/basho-bin/repos","events_url":"https://api.github.com/users/basho-bin/events{/privacy}","received_events_url":"https://api.github.com/users/basho-bin/received_events","type":"Organization","site_admin":false},"private":true,"html_url":"https://github.com/basho-bin/tester","description":"","fork":false,"url":"https://api.github.com/repos/basho-bin/tester","forks_url":"https://api.github.com/repos/basho-bin/tester/forks","keys_url":"https://api.github.com/repos/basho-bin/tester/keys{/key_id}","collaborators_url":"https://api.github.com/repos/basho-bin/tester/collaborators{/collaborator}","teams_url":"https://api.github.com/repos/basho-bin/tester/teams","hooks_url":"https://api.github.com/repos/basho-bin/tester/hooks","issue_events_url":"https://api.github.com/repos/basho-bin/tester/issues/events{/number}","events_url":"https://api.github.com/repos/basho-bin/tester/events","assignees_url":"https://api.github.com/repos/basho-bin/tester/assignees{/user}","branches_url":"https://api.github.com/repos/basho-bin/tester/branches{/branch}","tags_url":"https://api.github.com/repos/basho-bin/tester/tags","blobs_url":"https://api.github.com/repos/basho-bin/tester/git/blobs{/sha}","git_tags_url":"https://api.github.com/repos/basho-bin/tester/git/tags{/sha}","git_refs_url":"https://api.github.com/repos/basho-bin/tester/git/refs{/sha}","trees_url":"https://api.github.com/repos/basho-bin/tester/git/trees{/sha}","statuses_url":"https://api.github.com/repos/basho-bin/tester/statuses/{sha}","languages_url":"https://api.github.com/repos/basho-bin/tester/languages","stargazers_url":"https://api.github.com/repos/basho-bin/tester/stargazers","contributors_url":"https://api.github.com/repos/basho-bin/tester/contributors","subscribers_url":"https://api.github.com/repos/basho-bin/tester/subscribers","subscription_url":"https://api.github.com/repos/basho-bin/tester/subscription","commits_url":"https://api.github.com/repos/basho-bin/tester/commits{/sha}","git_commits_url":"https://api.github.com/repos/basho-bin/tester/git/commits{/sha}","comments_url":"https://api.github.com/repos/basho-bin/tester/comments{/number}","issue_comment_url":"https://api.github.com/repos/basho-bin/tester/issues/comments{/number}","contents_url":"https://api.github.com/repos/basho-bin/tester/contents/{+path}","compare_url":"https://api.github.com/repos/basho-bin/tester/compare/{base}...{head}","merges_url":"https://api.github.com/repos/basho-bin/tester/merges","archive_url":"https://api.github.com/repos/basho-bin/tester/{archive_format}{/ref}","downloads_url":"https://api.github.com/repos/basho-bin/tester/downloads","issues_url":"https://api.github.com/repos/basho-bin/tester/issues{/number}","pulls_url":"https://api.github.com/repos/basho-bin/tester/pulls{/number}","milestones_url":"https://api.github.com/repos/basho-bin/tester/milestones{/number}","notifications_url":"https://api.github.com/repos/basho-bin/tester/notifications{?since,all,participating}","labels_url":"https://api.github.com/repos/basho-bin/tester/labels{/name}","releases_url":"https://api.github.com/repos/basho-bin/tester/releases{/id}","deployments_url":"https://api.github.com/repos/basho-bin/tester/deployments","created_at":"2016-06-08T23:23:35Z","updated_at":"2016-09-08T10:27:04Z","pushed_at":"2016-09-22T19:18:52Z","git_url":"git://github.com/basho-bin/tester.git","ssh_url":"git@github.com:basho-bin/tester.git","clone_url":"https://github.com/basho-bin/tester.git","svn_url":"https://github.com/basho-bin/tester","homepage":null,"size":36,"stargazers_count":0,"watchers_count":0,"language":"Makefile","has_issues":true,"has_downloads":true,"has_wiki":true,"has_pages":false,"forks_count":0,"mirror_url":null,"open_issues_count":1,"forks":0,"open_issues":1,"watchers":0,"default_branch":"master"}},"base":{"label":"basho-bin:master","ref":"master","sha":"b953ebe199588d5b901bb1d539c3ca5dcf06b6cf","user":{"login":"basho-bin","id":12898118,"avatar_url":"https://avatars.githubusercontent.com/u/12898118?v=3","gravatar_id":"","url":"https://api.github.com/users/basho-bin","html_url":"https://github.com/basho-bin","followers_url":"https://api.github.com/users/basho-bin/followers","following_url":"https://api.github.com/users/basho-bin/following{/other_user}","gists_url":"https://api.github.com/users/basho-bin/gists{/gist_id}","starred_url":"https://api.github.com/users/basho-bin/starred{/owner}{/repo}","subscriptions_url":"https://api.github.com/users/basho-bin/subscriptions","organizations_url":"https://api.github.com/users/basho-bin/orgs","repos_url":"https://api.github.com/users/basho-bin/repos","events_url":"https://api.github.com/users/basho-bin/events{/privacy}","received_events_url":"https://api.github.com/users/basho-bin/received_events","type":"Organization","site_admin":false},"repo":{"id":60737351,"name":"tester","full_name":"basho-bin/tester","owner":{"login":"basho-bin","id":12898118,"avatar_url":"https://avatars.githubusercontent.com/u/12898118?v=3","gravatar_id":"","url":"https://api.github.com/users/basho-bin","html_url":"https://github.com/basho-bin","followers_url":"https://api.github.com/users/basho-bin/followers","following_url":"https://api.github.com/users/basho-bin/following{/other_user}","gists_url":"https://api.github.com/users/basho-bin/gists{/gist_id}","starred_url":"https://api.github.com/users/basho-bin/starred{/owner}{/repo}","subscriptions_url":"https://api.github.com/users/basho-bin/subscriptions","organizations_url":"https://api.github.com/users/basho-bin/orgs","repos_url":"https://api.github.com/users/basho-bin/repos","events_url":"https://api.github.com/users/basho-bin/events{/privacy}","received_events_url":"https://api.github.com/users/basho-bin/received_events","type":"Organization","site_admin":false},"private":true,"html_url":"https://github.com/basho-bin/tester","description":"","fork":false,"url":"https://api.github.com/repos/basho-bin/tester","forks_url":"https://api.github.com/repos/basho-bin/tester/forks","keys_url":"https://api.github.com/repos/basho-bin/tester/keys{/key_id}","collaborators_url":"https://api.github.com/repos/basho-bin/tester/collaborators{/collaborator}","teams_url":"https://api.github.com/repos/basho-bin/tester/teams","hooks_url":"https://api.github.com/repos/basho-bin/tester/hooks","issue_events_url":"https://api.github.com/repos/basho-bin/tester/issues/events{/number}","events_url":"https://api.github.com/repos/basho-bin/tester/events","assignees_url":"https://api.github.com/repos/basho-bin/tester/assignees{/user}","branches_url":"https://api.github.com/repos/basho-bin/tester/branches{/branch}","tags_url":"https://api.github.com/repos/basho-bin/tester/tags","blobs_url":"https://api.github.com/repos/basho-bin/tester/git/blobs{/sha}","git_tags_url":"https://api.github.com/repos/basho-bin/tester/git/tags{/sha}","git_refs_url":"https://api.github.com/repos/basho-bin/tester/git/refs{/sha}","trees_url":"https://api.github.com/repos/basho-bin/tester/git/trees{/sha}","statuses_url":"https://api.github.com/repos/basho-bin/tester/statuses/{sha}","languages_url":"https://api.github.com/repos/basho-bin/tester/languages","stargazers_url":"https://api.github.com/repos/basho-bin/tester/stargazers","contributors_url":"https://api.github.com/repos/basho-bin/tester/contributors","subscribers_url":"https://api.github.com/repos/basho-bin/tester/subscribers","subscription_url":"https://api.github.com/repos/basho-bin/tester/subscription","commits_url":"https://api.github.com/repos/basho-bin/tester/commits{/sha}","git_commits_url":"https://api.github.com/repos/basho-bin/tester/git/commits{/sha}","comments_url":"https://api.github.com/repos/basho-bin/tester/comments{/number}","issue_comment_url":"https://api.github.com/repos/basho-bin/tester/issues/comments{/number}","contents_url":"https://api.github.com/repos/basho-bin/tester/contents/{+path}","compare_url":"https://api.github.com/repos/basho-bin/tester/compare/{base}...{head}","merges_url":"https://api.github.com/repos/basho-bin/tester/merges","archive_url":"https://api.github.com/repos/basho-bin/tester/{archive_format}{/ref}","downloads_url":"https://api.github.com/repos/basho-bin/tester/downloads","issues_url":"https://api.github.com/repos/basho-bin/tester/issues{/number}","pulls_url":"https://api.github.com/repos/basho-bin/tester/pulls{/number}","milestones_url":"https://api.github.com/repos/basho-bin/tester/milestones{/number}","notifications_url":"https://api.github.com/repos/basho-bin/tester/notifications{?since,all,participating}","labels_url":"https://api.github.com/repos/basho-bin/tester/labels{/name}","releases_url":"https://api.github.com/repos/basho-bin/tester/releases{/id}","deployments_url":"https://api.github.com/repos/basho-bin/tester/deployments","created_at":"2016-06-08T23:23:35Z","updated_at":"2016-09-08T10:27:04Z","pushed_at":"2016-09-22T19:18:52Z","git_url":"git://github.com/basho-bin/tester.git","ssh_url":"git@github.com:basho-bin/tester.git","clone_url":"https://github.com/basho-bin/tester.git","svn_url":"https://github.com/basho-bin/tester","homepage":null,"size":36,"stargazers_count":0,"watchers_count":0,"language":"Makefile","has_issues":true,"has_downloads":true,"has_wiki":true,"has_pages":false,"forks_count":0,"mirror_url":null,"open_issues_count":1,"forks":0,"open_issues":1,"watchers":0,"default_branch":"master"}},"_links":{"self":{"href":"https://api.github.com/repos/basho-bin/tester/pulls/27"},"html":{"href":"https://github.com/basho-bin/tester/pull/27"},"issue":{"href":"https://api.github.com/repos/basho-bin/tester/issues/27"},"comments":{"href":"https://api.github.com/repos/basho-bin/tester/issues/27/comments"},"review_comments":{"href":"https://api.github.com/repos/basho-bin/tester/pulls/27/comments"},"review_comment":{"href":"https://api.github.com/repos/basho-bin/tester/pulls/comments{/number}"},"commits":{"href":"https://api.github.com/repos/basho-bin/tester/pulls/27/commits"},"statuses":{"href":"https://api.github.com/repos/basho-bin/tester/statuses/c7b1b9121ba4c6d85de8c5d6391c01d85c09a2f2"}},"merged":false,"mergeable":true,"mergeable_state":"clean","merged_by":null,"comments":8,"review_comments":0,"commits":5,"additions":5,"deletions":0,"changed_files":1}'
    http_version: 
  recorded_at: Thu, 22 Sep 2016 20:27:17 GMT
- request:
    method: get
    uri: https://thumbot:B%2FGUk%3E~22%3Ec%2A%24I%7CIa%3C%40@api.github.com/repos/basho-bin/tester/pulls/27
    body:
      encoding: US-ASCII
      string: ''
    headers:
      Accept:
      - application/vnd.github.v3+json
      User-Agent:
      - Octokit Ruby Gem 4.3.0
      Content-Type:
      - application/json
      Accept-Encoding:
      - gzip;q=1.0,deflate;q=0.6,identity;q=0.3
  response:
    status:
      code: 200
      message: OK
    headers:
      Server:
      - GitHub.com
      Date:
      - Thu, 22 Sep 2016 20:27:18 GMT
      Content-Type:
      - application/json; charset=utf-8
      Transfer-Encoding:
      - chunked
      Status:
      - 200 OK
      X-Ratelimit-Limit:
      - '5000'
      X-Ratelimit-Remaining:
      - '4425'
      X-Ratelimit-Reset:
      - '1474577734'
      Cache-Control:
      - private, max-age=60, s-maxage=60
      Vary:
      - Accept, Authorization, Cookie, X-GitHub-OTP
      - Accept-Encoding
      Etag:
      - W/"e7a46f87ca48d4b193cdc002f6fe5199"
      Last-Modified:
      - Thu, 22 Sep 2016 20:10:32 GMT
      X-Github-Media-Type:
      - github.v3; format=json
      Access-Control-Expose-Headers:
      - ETag, Link, X-GitHub-OTP, X-RateLimit-Limit, X-RateLimit-Remaining, X-RateLimit-Reset,
        X-OAuth-Scopes, X-Accepted-OAuth-Scopes, X-Poll-Interval
      Access-Control-Allow-Origin:
      - "*"
      Content-Security-Policy:
      - default-src 'none'
      Strict-Transport-Security:
      - max-age=31536000; includeSubdomains; preload
      X-Content-Type-Options:
      - nosniff
      X-Frame-Options:
      - deny
      X-Xss-Protection:
      - 1; mode=block
      X-Served-By:
      - 52437fedc85beec8da3449496900fb9a
      X-Github-Request-Id:
      - AD1C2EC5:2360:87A75D6:57E43EA6
    body:
      encoding: ASCII-8BIT
      string: '{"url":"https://api.github.com/repos/basho-bin/tester/pulls/27","id":86397819,"html_url":"https://github.com/basho-bin/tester/pull/27","diff_url":"https://github.com/basho-bin/tester/pull/27.diff","patch_url":"https://github.com/basho-bin/tester/pull/27.patch","issue_url":"https://api.github.com/repos/basho-bin/tester/issues/27","number":27,"state":"open","locked":false,"title":"testing","user":{"login":"davidx","id":17162,"avatar_url":"https://avatars.githubusercontent.com/u/17162?v=3","gravatar_id":"","url":"https://api.github.com/users/davidx","html_url":"https://github.com/davidx","followers_url":"https://api.github.com/users/davidx/followers","following_url":"https://api.github.com/users/davidx/following{/other_user}","gists_url":"https://api.github.com/users/davidx/gists{/gist_id}","starred_url":"https://api.github.com/users/davidx/starred{/owner}{/repo}","subscriptions_url":"https://api.github.com/users/davidx/subscriptions","organizations_url":"https://api.github.com/users/davidx/orgs","repos_url":"https://api.github.com/users/davidx/repos","events_url":"https://api.github.com/users/davidx/events{/privacy}","received_events_url":"https://api.github.com/users/davidx/received_events","type":"User","site_admin":false},"body":"","created_at":"2016-09-22T19:18:52Z","updated_at":"2016-09-22T20:10:32Z","closed_at":null,"merged_at":null,"merge_commit_sha":"ef19ae1d7c56686223d44b3e6d6a168b47ad48e3","assignee":null,"assignees":[],"milestone":null,"commits_url":"https://api.github.com/repos/basho-bin/tester/pulls/27/commits","review_comments_url":"https://api.github.com/repos/basho-bin/tester/pulls/27/comments","review_comment_url":"https://api.github.com/repos/basho-bin/tester/pulls/comments{/number}","comments_url":"https://api.github.com/repos/basho-bin/tester/issues/27/comments","statuses_url":"https://api.github.com/repos/basho-bin/tester/statuses/c7b1b9121ba4c6d85de8c5d6391c01d85c09a2f2","head":{"label":"basho-bin:1474571870","ref":"1474571870","sha":"c7b1b9121ba4c6d85de8c5d6391c01d85c09a2f2","user":{"login":"basho-bin","id":12898118,"avatar_url":"https://avatars.githubusercontent.com/u/12898118?v=3","gravatar_id":"","url":"https://api.github.com/users/basho-bin","html_url":"https://github.com/basho-bin","followers_url":"https://api.github.com/users/basho-bin/followers","following_url":"https://api.github.com/users/basho-bin/following{/other_user}","gists_url":"https://api.github.com/users/basho-bin/gists{/gist_id}","starred_url":"https://api.github.com/users/basho-bin/starred{/owner}{/repo}","subscriptions_url":"https://api.github.com/users/basho-bin/subscriptions","organizations_url":"https://api.github.com/users/basho-bin/orgs","repos_url":"https://api.github.com/users/basho-bin/repos","events_url":"https://api.github.com/users/basho-bin/events{/privacy}","received_events_url":"https://api.github.com/users/basho-bin/received_events","type":"Organization","site_admin":false},"repo":{"id":60737351,"name":"tester","full_name":"basho-bin/tester","owner":{"login":"basho-bin","id":12898118,"avatar_url":"https://avatars.githubusercontent.com/u/12898118?v=3","gravatar_id":"","url":"https://api.github.com/users/basho-bin","html_url":"https://github.com/basho-bin","followers_url":"https://api.github.com/users/basho-bin/followers","following_url":"https://api.github.com/users/basho-bin/following{/other_user}","gists_url":"https://api.github.com/users/basho-bin/gists{/gist_id}","starred_url":"https://api.github.com/users/basho-bin/starred{/owner}{/repo}","subscriptions_url":"https://api.github.com/users/basho-bin/subscriptions","organizations_url":"https://api.github.com/users/basho-bin/orgs","repos_url":"https://api.github.com/users/basho-bin/repos","events_url":"https://api.github.com/users/basho-bin/events{/privacy}","received_events_url":"https://api.github.com/users/basho-bin/received_events","type":"Organization","site_admin":false},"private":true,"html_url":"https://github.com/basho-bin/tester","description":"","fork":false,"url":"https://api.github.com/repos/basho-bin/tester","forks_url":"https://api.github.com/repos/basho-bin/tester/forks","keys_url":"https://api.github.com/repos/basho-bin/tester/keys{/key_id}","collaborators_url":"https://api.github.com/repos/basho-bin/tester/collaborators{/collaborator}","teams_url":"https://api.github.com/repos/basho-bin/tester/teams","hooks_url":"https://api.github.com/repos/basho-bin/tester/hooks","issue_events_url":"https://api.github.com/repos/basho-bin/tester/issues/events{/number}","events_url":"https://api.github.com/repos/basho-bin/tester/events","assignees_url":"https://api.github.com/repos/basho-bin/tester/assignees{/user}","branches_url":"https://api.github.com/repos/basho-bin/tester/branches{/branch}","tags_url":"https://api.github.com/repos/basho-bin/tester/tags","blobs_url":"https://api.github.com/repos/basho-bin/tester/git/blobs{/sha}","git_tags_url":"https://api.github.com/repos/basho-bin/tester/git/tags{/sha}","git_refs_url":"https://api.github.com/repos/basho-bin/tester/git/refs{/sha}","trees_url":"https://api.github.com/repos/basho-bin/tester/git/trees{/sha}","statuses_url":"https://api.github.com/repos/basho-bin/tester/statuses/{sha}","languages_url":"https://api.github.com/repos/basho-bin/tester/languages","stargazers_url":"https://api.github.com/repos/basho-bin/tester/stargazers","contributors_url":"https://api.github.com/repos/basho-bin/tester/contributors","subscribers_url":"https://api.github.com/repos/basho-bin/tester/subscribers","subscription_url":"https://api.github.com/repos/basho-bin/tester/subscription","commits_url":"https://api.github.com/repos/basho-bin/tester/commits{/sha}","git_commits_url":"https://api.github.com/repos/basho-bin/tester/git/commits{/sha}","comments_url":"https://api.github.com/repos/basho-bin/tester/comments{/number}","issue_comment_url":"https://api.github.com/repos/basho-bin/tester/issues/comments{/number}","contents_url":"https://api.github.com/repos/basho-bin/tester/contents/{+path}","compare_url":"https://api.github.com/repos/basho-bin/tester/compare/{base}...{head}","merges_url":"https://api.github.com/repos/basho-bin/tester/merges","archive_url":"https://api.github.com/repos/basho-bin/tester/{archive_format}{/ref}","downloads_url":"https://api.github.com/repos/basho-bin/tester/downloads","issues_url":"https://api.github.com/repos/basho-bin/tester/issues{/number}","pulls_url":"https://api.github.com/repos/basho-bin/tester/pulls{/number}","milestones_url":"https://api.github.com/repos/basho-bin/tester/milestones{/number}","notifications_url":"https://api.github.com/repos/basho-bin/tester/notifications{?since,all,participating}","labels_url":"https://api.github.com/repos/basho-bin/tester/labels{/name}","releases_url":"https://api.github.com/repos/basho-bin/tester/releases{/id}","deployments_url":"https://api.github.com/repos/basho-bin/tester/deployments","created_at":"2016-06-08T23:23:35Z","updated_at":"2016-09-08T10:27:04Z","pushed_at":"2016-09-22T19:18:52Z","git_url":"git://github.com/basho-bin/tester.git","ssh_url":"git@github.com:basho-bin/tester.git","clone_url":"https://github.com/basho-bin/tester.git","svn_url":"https://github.com/basho-bin/tester","homepage":null,"size":36,"stargazers_count":0,"watchers_count":0,"language":"Makefile","has_issues":true,"has_downloads":true,"has_wiki":true,"has_pages":false,"forks_count":0,"mirror_url":null,"open_issues_count":1,"forks":0,"open_issues":1,"watchers":0,"default_branch":"master"}},"base":{"label":"basho-bin:master","ref":"master","sha":"b953ebe199588d5b901bb1d539c3ca5dcf06b6cf","user":{"login":"basho-bin","id":12898118,"avatar_url":"https://avatars.githubusercontent.com/u/12898118?v=3","gravatar_id":"","url":"https://api.github.com/users/basho-bin","html_url":"https://github.com/basho-bin","followers_url":"https://api.github.com/users/basho-bin/followers","following_url":"https://api.github.com/users/basho-bin/following{/other_user}","gists_url":"https://api.github.com/users/basho-bin/gists{/gist_id}","starred_url":"https://api.github.com/users/basho-bin/starred{/owner}{/repo}","subscriptions_url":"https://api.github.com/users/basho-bin/subscriptions","organizations_url":"https://api.github.com/users/basho-bin/orgs","repos_url":"https://api.github.com/users/basho-bin/repos","events_url":"https://api.github.com/users/basho-bin/events{/privacy}","received_events_url":"https://api.github.com/users/basho-bin/received_events","type":"Organization","site_admin":false},"repo":{"id":60737351,"name":"tester","full_name":"basho-bin/tester","owner":{"login":"basho-bin","id":12898118,"avatar_url":"https://avatars.githubusercontent.com/u/12898118?v=3","gravatar_id":"","url":"https://api.github.com/users/basho-bin","html_url":"https://github.com/basho-bin","followers_url":"https://api.github.com/users/basho-bin/followers","following_url":"https://api.github.com/users/basho-bin/following{/other_user}","gists_url":"https://api.github.com/users/basho-bin/gists{/gist_id}","starred_url":"https://api.github.com/users/basho-bin/starred{/owner}{/repo}","subscriptions_url":"https://api.github.com/users/basho-bin/subscriptions","organizations_url":"https://api.github.com/users/basho-bin/orgs","repos_url":"https://api.github.com/users/basho-bin/repos","events_url":"https://api.github.com/users/basho-bin/events{/privacy}","received_events_url":"https://api.github.com/users/basho-bin/received_events","type":"Organization","site_admin":false},"private":true,"html_url":"https://github.com/basho-bin/tester","description":"","fork":false,"url":"https://api.github.com/repos/basho-bin/tester","forks_url":"https://api.github.com/repos/basho-bin/tester/forks","keys_url":"https://api.github.com/repos/basho-bin/tester/keys{/key_id}","collaborators_url":"https://api.github.com/repos/basho-bin/tester/collaborators{/collaborator}","teams_url":"https://api.github.com/repos/basho-bin/tester/teams","hooks_url":"https://api.github.com/repos/basho-bin/tester/hooks","issue_events_url":"https://api.github.com/repos/basho-bin/tester/issues/events{/number}","events_url":"https://api.github.com/repos/basho-bin/tester/events","assignees_url":"https://api.github.com/repos/basho-bin/tester/assignees{/user}","branches_url":"https://api.github.com/repos/basho-bin/tester/branches{/branch}","tags_url":"https://api.github.com/repos/basho-bin/tester/tags","blobs_url":"https://api.github.com/repos/basho-bin/tester/git/blobs{/sha}","git_tags_url":"https://api.github.com/repos/basho-bin/tester/git/tags{/sha}","git_refs_url":"https://api.github.com/repos/basho-bin/tester/git/refs{/sha}","trees_url":"https://api.github.com/repos/basho-bin/tester/git/trees{/sha}","statuses_url":"https://api.github.com/repos/basho-bin/tester/statuses/{sha}","languages_url":"https://api.github.com/repos/basho-bin/tester/languages","stargazers_url":"https://api.github.com/repos/basho-bin/tester/stargazers","contributors_url":"https://api.github.com/repos/basho-bin/tester/contributors","subscribers_url":"https://api.github.com/repos/basho-bin/tester/subscribers","subscription_url":"https://api.github.com/repos/basho-bin/tester/subscription","commits_url":"https://api.github.com/repos/basho-bin/tester/commits{/sha}","git_commits_url":"https://api.github.com/repos/basho-bin/tester/git/commits{/sha}","comments_url":"https://api.github.com/repos/basho-bin/tester/comments{/number}","issue_comment_url":"https://api.github.com/repos/basho-bin/tester/issues/comments{/number}","contents_url":"https://api.github.com/repos/basho-bin/tester/contents/{+path}","compare_url":"https://api.github.com/repos/basho-bin/tester/compare/{base}...{head}","merges_url":"https://api.github.com/repos/basho-bin/tester/merges","archive_url":"https://api.github.com/repos/basho-bin/tester/{archive_format}{/ref}","downloads_url":"https://api.github.com/repos/basho-bin/tester/downloads","issues_url":"https://api.github.com/repos/basho-bin/tester/issues{/number}","pulls_url":"https://api.github.com/repos/basho-bin/tester/pulls{/number}","milestones_url":"https://api.github.com/repos/basho-bin/tester/milestones{/number}","notifications_url":"https://api.github.com/repos/basho-bin/tester/notifications{?since,all,participating}","labels_url":"https://api.github.com/repos/basho-bin/tester/labels{/name}","releases_url":"https://api.github.com/repos/basho-bin/tester/releases{/id}","deployments_url":"https://api.github.com/repos/basho-bin/tester/deployments","created_at":"2016-06-08T23:23:35Z","updated_at":"2016-09-08T10:27:04Z","pushed_at":"2016-09-22T19:18:52Z","git_url":"git://github.com/basho-bin/tester.git","ssh_url":"git@github.com:basho-bin/tester.git","clone_url":"https://github.com/basho-bin/tester.git","svn_url":"https://github.com/basho-bin/tester","homepage":null,"size":36,"stargazers_count":0,"watchers_count":0,"language":"Makefile","has_issues":true,"has_downloads":true,"has_wiki":true,"has_pages":false,"forks_count":0,"mirror_url":null,"open_issues_count":1,"forks":0,"open_issues":1,"watchers":0,"default_branch":"master"}},"_links":{"self":{"href":"https://api.github.com/repos/basho-bin/tester/pulls/27"},"html":{"href":"https://github.com/basho-bin/tester/pull/27"},"issue":{"href":"https://api.github.com/repos/basho-bin/tester/issues/27"},"comments":{"href":"https://api.github.com/repos/basho-bin/tester/issues/27/comments"},"review_comments":{"href":"https://api.github.com/repos/basho-bin/tester/pulls/27/comments"},"review_comment":{"href":"https://api.github.com/repos/basho-bin/tester/pulls/comments{/number}"},"commits":{"href":"https://api.github.com/repos/basho-bin/tester/pulls/27/commits"},"statuses":{"href":"https://api.github.com/repos/basho-bin/tester/statuses/c7b1b9121ba4c6d85de8c5d6391c01d85c09a2f2"}},"merged":false,"mergeable":true,"mergeable_state":"clean","merged_by":null,"comments":8,"review_comments":0,"commits":5,"additions":5,"deletions":0,"changed_files":1}'
    http_version: 
  recorded_at: Thu, 22 Sep 2016 20:27:18 GMT
- request:
    method: get
    uri: https://thumbot:B%2FGUk%3E~22%3Ec%2A%24I%7CIa%3C%40@api.github.com/repos/basho-bin/tester/pulls/27
    body:
      encoding: US-ASCII
      string: ''
    headers:
      Accept:
      - application/vnd.github.v3+json
      User-Agent:
      - Octokit Ruby Gem 4.3.0
      Content-Type:
      - application/json
      Accept-Encoding:
      - gzip;q=1.0,deflate;q=0.6,identity;q=0.3
  response:
    status:
      code: 200
      message: OK
    headers:
      Server:
      - GitHub.com
      Date:
      - Thu, 22 Sep 2016 20:27:18 GMT
      Content-Type:
      - application/json; charset=utf-8
      Transfer-Encoding:
      - chunked
      Status:
      - 200 OK
      X-Ratelimit-Limit:
      - '5000'
      X-Ratelimit-Remaining:
      - '4424'
      X-Ratelimit-Reset:
      - '1474577734'
      Cache-Control:
      - private, max-age=60, s-maxage=60
      Vary:
      - Accept, Authorization, Cookie, X-GitHub-OTP
      - Accept-Encoding
      Etag:
      - W/"e7a46f87ca48d4b193cdc002f6fe5199"
      Last-Modified:
      - Thu, 22 Sep 2016 20:10:32 GMT
      X-Github-Media-Type:
      - github.v3; format=json
      Access-Control-Expose-Headers:
      - ETag, Link, X-GitHub-OTP, X-RateLimit-Limit, X-RateLimit-Remaining, X-RateLimit-Reset,
        X-OAuth-Scopes, X-Accepted-OAuth-Scopes, X-Poll-Interval
      Access-Control-Allow-Origin:
      - "*"
      Content-Security-Policy:
      - default-src 'none'
      Strict-Transport-Security:
      - max-age=31536000; includeSubdomains; preload
      X-Content-Type-Options:
      - nosniff
      X-Frame-Options:
      - deny
      X-Xss-Protection:
      - 1; mode=block
      X-Served-By:
      - 49aa99f015c25437a7443c4d3a58cd17
      X-Github-Request-Id:
      - AD1C2EC5:2360:87A7646:57E43EA6
    body:
      encoding: ASCII-8BIT
      string: '{"url":"https://api.github.com/repos/basho-bin/tester/pulls/27","id":86397819,"html_url":"https://github.com/basho-bin/tester/pull/27","diff_url":"https://github.com/basho-bin/tester/pull/27.diff","patch_url":"https://github.com/basho-bin/tester/pull/27.patch","issue_url":"https://api.github.com/repos/basho-bin/tester/issues/27","number":27,"state":"open","locked":false,"title":"testing","user":{"login":"davidx","id":17162,"avatar_url":"https://avatars.githubusercontent.com/u/17162?v=3","gravatar_id":"","url":"https://api.github.com/users/davidx","html_url":"https://github.com/davidx","followers_url":"https://api.github.com/users/davidx/followers","following_url":"https://api.github.com/users/davidx/following{/other_user}","gists_url":"https://api.github.com/users/davidx/gists{/gist_id}","starred_url":"https://api.github.com/users/davidx/starred{/owner}{/repo}","subscriptions_url":"https://api.github.com/users/davidx/subscriptions","organizations_url":"https://api.github.com/users/davidx/orgs","repos_url":"https://api.github.com/users/davidx/repos","events_url":"https://api.github.com/users/davidx/events{/privacy}","received_events_url":"https://api.github.com/users/davidx/received_events","type":"User","site_admin":false},"body":"","created_at":"2016-09-22T19:18:52Z","updated_at":"2016-09-22T20:10:32Z","closed_at":null,"merged_at":null,"merge_commit_sha":"ef19ae1d7c56686223d44b3e6d6a168b47ad48e3","assignee":null,"assignees":[],"milestone":null,"commits_url":"https://api.github.com/repos/basho-bin/tester/pulls/27/commits","review_comments_url":"https://api.github.com/repos/basho-bin/tester/pulls/27/comments","review_comment_url":"https://api.github.com/repos/basho-bin/tester/pulls/comments{/number}","comments_url":"https://api.github.com/repos/basho-bin/tester/issues/27/comments","statuses_url":"https://api.github.com/repos/basho-bin/tester/statuses/c7b1b9121ba4c6d85de8c5d6391c01d85c09a2f2","head":{"label":"basho-bin:1474571870","ref":"1474571870","sha":"c7b1b9121ba4c6d85de8c5d6391c01d85c09a2f2","user":{"login":"basho-bin","id":12898118,"avatar_url":"https://avatars.githubusercontent.com/u/12898118?v=3","gravatar_id":"","url":"https://api.github.com/users/basho-bin","html_url":"https://github.com/basho-bin","followers_url":"https://api.github.com/users/basho-bin/followers","following_url":"https://api.github.com/users/basho-bin/following{/other_user}","gists_url":"https://api.github.com/users/basho-bin/gists{/gist_id}","starred_url":"https://api.github.com/users/basho-bin/starred{/owner}{/repo}","subscriptions_url":"https://api.github.com/users/basho-bin/subscriptions","organizations_url":"https://api.github.com/users/basho-bin/orgs","repos_url":"https://api.github.com/users/basho-bin/repos","events_url":"https://api.github.com/users/basho-bin/events{/privacy}","received_events_url":"https://api.github.com/users/basho-bin/received_events","type":"Organization","site_admin":false},"repo":{"id":60737351,"name":"tester","full_name":"basho-bin/tester","owner":{"login":"basho-bin","id":12898118,"avatar_url":"https://avatars.githubusercontent.com/u/12898118?v=3","gravatar_id":"","url":"https://api.github.com/users/basho-bin","html_url":"https://github.com/basho-bin","followers_url":"https://api.github.com/users/basho-bin/followers","following_url":"https://api.github.com/users/basho-bin/following{/other_user}","gists_url":"https://api.github.com/users/basho-bin/gists{/gist_id}","starred_url":"https://api.github.com/users/basho-bin/starred{/owner}{/repo}","subscriptions_url":"https://api.github.com/users/basho-bin/subscriptions","organizations_url":"https://api.github.com/users/basho-bin/orgs","repos_url":"https://api.github.com/users/basho-bin/repos","events_url":"https://api.github.com/users/basho-bin/events{/privacy}","received_events_url":"https://api.github.com/users/basho-bin/received_events","type":"Organization","site_admin":false},"private":true,"html_url":"https://github.com/basho-bin/tester","description":"","fork":false,"url":"https://api.github.com/repos/basho-bin/tester","forks_url":"https://api.github.com/repos/basho-bin/tester/forks","keys_url":"https://api.github.com/repos/basho-bin/tester/keys{/key_id}","collaborators_url":"https://api.github.com/repos/basho-bin/tester/collaborators{/collaborator}","teams_url":"https://api.github.com/repos/basho-bin/tester/teams","hooks_url":"https://api.github.com/repos/basho-bin/tester/hooks","issue_events_url":"https://api.github.com/repos/basho-bin/tester/issues/events{/number}","events_url":"https://api.github.com/repos/basho-bin/tester/events","assignees_url":"https://api.github.com/repos/basho-bin/tester/assignees{/user}","branches_url":"https://api.github.com/repos/basho-bin/tester/branches{/branch}","tags_url":"https://api.github.com/repos/basho-bin/tester/tags","blobs_url":"https://api.github.com/repos/basho-bin/tester/git/blobs{/sha}","git_tags_url":"https://api.github.com/repos/basho-bin/tester/git/tags{/sha}","git_refs_url":"https://api.github.com/repos/basho-bin/tester/git/refs{/sha}","trees_url":"https://api.github.com/repos/basho-bin/tester/git/trees{/sha}","statuses_url":"https://api.github.com/repos/basho-bin/tester/statuses/{sha}","languages_url":"https://api.github.com/repos/basho-bin/tester/languages","stargazers_url":"https://api.github.com/repos/basho-bin/tester/stargazers","contributors_url":"https://api.github.com/repos/basho-bin/tester/contributors","subscribers_url":"https://api.github.com/repos/basho-bin/tester/subscribers","subscription_url":"https://api.github.com/repos/basho-bin/tester/subscription","commits_url":"https://api.github.com/repos/basho-bin/tester/commits{/sha}","git_commits_url":"https://api.github.com/repos/basho-bin/tester/git/commits{/sha}","comments_url":"https://api.github.com/repos/basho-bin/tester/comments{/number}","issue_comment_url":"https://api.github.com/repos/basho-bin/tester/issues/comments{/number}","contents_url":"https://api.github.com/repos/basho-bin/tester/contents/{+path}","compare_url":"https://api.github.com/repos/basho-bin/tester/compare/{base}...{head}","merges_url":"https://api.github.com/repos/basho-bin/tester/merges","archive_url":"https://api.github.com/repos/basho-bin/tester/{archive_format}{/ref}","downloads_url":"https://api.github.com/repos/basho-bin/tester/downloads","issues_url":"https://api.github.com/repos/basho-bin/tester/issues{/number}","pulls_url":"https://api.github.com/repos/basho-bin/tester/pulls{/number}","milestones_url":"https://api.github.com/repos/basho-bin/tester/milestones{/number}","notifications_url":"https://api.github.com/repos/basho-bin/tester/notifications{?since,all,participating}","labels_url":"https://api.github.com/repos/basho-bin/tester/labels{/name}","releases_url":"https://api.github.com/repos/basho-bin/tester/releases{/id}","deployments_url":"https://api.github.com/repos/basho-bin/tester/deployments","created_at":"2016-06-08T23:23:35Z","updated_at":"2016-09-08T10:27:04Z","pushed_at":"2016-09-22T19:18:52Z","git_url":"git://github.com/basho-bin/tester.git","ssh_url":"git@github.com:basho-bin/tester.git","clone_url":"https://github.com/basho-bin/tester.git","svn_url":"https://github.com/basho-bin/tester","homepage":null,"size":36,"stargazers_count":0,"watchers_count":0,"language":"Makefile","has_issues":true,"has_downloads":true,"has_wiki":true,"has_pages":false,"forks_count":0,"mirror_url":null,"open_issues_count":1,"forks":0,"open_issues":1,"watchers":0,"default_branch":"master"}},"base":{"label":"basho-bin:master","ref":"master","sha":"b953ebe199588d5b901bb1d539c3ca5dcf06b6cf","user":{"login":"basho-bin","id":12898118,"avatar_url":"https://avatars.githubusercontent.com/u/12898118?v=3","gravatar_id":"","url":"https://api.github.com/users/basho-bin","html_url":"https://github.com/basho-bin","followers_url":"https://api.github.com/users/basho-bin/followers","following_url":"https://api.github.com/users/basho-bin/following{/other_user}","gists_url":"https://api.github.com/users/basho-bin/gists{/gist_id}","starred_url":"https://api.github.com/users/basho-bin/starred{/owner}{/repo}","subscriptions_url":"https://api.github.com/users/basho-bin/subscriptions","organizations_url":"https://api.github.com/users/basho-bin/orgs","repos_url":"https://api.github.com/users/basho-bin/repos","events_url":"https://api.github.com/users/basho-bin/events{/privacy}","received_events_url":"https://api.github.com/users/basho-bin/received_events","type":"Organization","site_admin":false},"repo":{"id":60737351,"name":"tester","full_name":"basho-bin/tester","owner":{"login":"basho-bin","id":12898118,"avatar_url":"https://avatars.githubusercontent.com/u/12898118?v=3","gravatar_id":"","url":"https://api.github.com/users/basho-bin","html_url":"https://github.com/basho-bin","followers_url":"https://api.github.com/users/basho-bin/followers","following_url":"https://api.github.com/users/basho-bin/following{/other_user}","gists_url":"https://api.github.com/users/basho-bin/gists{/gist_id}","starred_url":"https://api.github.com/users/basho-bin/starred{/owner}{/repo}","subscriptions_url":"https://api.github.com/users/basho-bin/subscriptions","organizations_url":"https://api.github.com/users/basho-bin/orgs","repos_url":"https://api.github.com/users/basho-bin/repos","events_url":"https://api.github.com/users/basho-bin/events{/privacy}","received_events_url":"https://api.github.com/users/basho-bin/received_events","type":"Organization","site_admin":false},"private":true,"html_url":"https://github.com/basho-bin/tester","description":"","fork":false,"url":"https://api.github.com/repos/basho-bin/tester","forks_url":"https://api.github.com/repos/basho-bin/tester/forks","keys_url":"https://api.github.com/repos/basho-bin/tester/keys{/key_id}","collaborators_url":"https://api.github.com/repos/basho-bin/tester/collaborators{/collaborator}","teams_url":"https://api.github.com/repos/basho-bin/tester/teams","hooks_url":"https://api.github.com/repos/basho-bin/tester/hooks","issue_events_url":"https://api.github.com/repos/basho-bin/tester/issues/events{/number}","events_url":"https://api.github.com/repos/basho-bin/tester/events","assignees_url":"https://api.github.com/repos/basho-bin/tester/assignees{/user}","branches_url":"https://api.github.com/repos/basho-bin/tester/branches{/branch}","tags_url":"https://api.github.com/repos/basho-bin/tester/tags","blobs_url":"https://api.github.com/repos/basho-bin/tester/git/blobs{/sha}","git_tags_url":"https://api.github.com/repos/basho-bin/tester/git/tags{/sha}","git_refs_url":"https://api.github.com/repos/basho-bin/tester/git/refs{/sha}","trees_url":"https://api.github.com/repos/basho-bin/tester/git/trees{/sha}","statuses_url":"https://api.github.com/repos/basho-bin/tester/statuses/{sha}","languages_url":"https://api.github.com/repos/basho-bin/tester/languages","stargazers_url":"https://api.github.com/repos/basho-bin/tester/stargazers","contributors_url":"https://api.github.com/repos/basho-bin/tester/contributors","subscribers_url":"https://api.github.com/repos/basho-bin/tester/subscribers","subscription_url":"https://api.github.com/repos/basho-bin/tester/subscription","commits_url":"https://api.github.com/repos/basho-bin/tester/commits{/sha}","git_commits_url":"https://api.github.com/repos/basho-bin/tester/git/commits{/sha}","comments_url":"https://api.github.com/repos/basho-bin/tester/comments{/number}","issue_comment_url":"https://api.github.com/repos/basho-bin/tester/issues/comments{/number}","contents_url":"https://api.github.com/repos/basho-bin/tester/contents/{+path}","compare_url":"https://api.github.com/repos/basho-bin/tester/compare/{base}...{head}","merges_url":"https://api.github.com/repos/basho-bin/tester/merges","archive_url":"https://api.github.com/repos/basho-bin/tester/{archive_format}{/ref}","downloads_url":"https://api.github.com/repos/basho-bin/tester/downloads","issues_url":"https://api.github.com/repos/basho-bin/tester/issues{/number}","pulls_url":"https://api.github.com/repos/basho-bin/tester/pulls{/number}","milestones_url":"https://api.github.com/repos/basho-bin/tester/milestones{/number}","notifications_url":"https://api.github.com/repos/basho-bin/tester/notifications{?since,all,participating}","labels_url":"https://api.github.com/repos/basho-bin/tester/labels{/name}","releases_url":"https://api.github.com/repos/basho-bin/tester/releases{/id}","deployments_url":"https://api.github.com/repos/basho-bin/tester/deployments","created_at":"2016-06-08T23:23:35Z","updated_at":"2016-09-08T10:27:04Z","pushed_at":"2016-09-22T19:18:52Z","git_url":"git://github.com/basho-bin/tester.git","ssh_url":"git@github.com:basho-bin/tester.git","clone_url":"https://github.com/basho-bin/tester.git","svn_url":"https://github.com/basho-bin/tester","homepage":null,"size":36,"stargazers_count":0,"watchers_count":0,"language":"Makefile","has_issues":true,"has_downloads":true,"has_wiki":true,"has_pages":false,"forks_count":0,"mirror_url":null,"open_issues_count":1,"forks":0,"open_issues":1,"watchers":0,"default_branch":"master"}},"_links":{"self":{"href":"https://api.github.com/repos/basho-bin/tester/pulls/27"},"html":{"href":"https://github.com/basho-bin/tester/pull/27"},"issue":{"href":"https://api.github.com/repos/basho-bin/tester/issues/27"},"comments":{"href":"https://api.github.com/repos/basho-bin/tester/issues/27/comments"},"review_comments":{"href":"https://api.github.com/repos/basho-bin/tester/pulls/27/comments"},"review_comment":{"href":"https://api.github.com/repos/basho-bin/tester/pulls/comments{/number}"},"commits":{"href":"https://api.github.com/repos/basho-bin/tester/pulls/27/commits"},"statuses":{"href":"https://api.github.com/repos/basho-bin/tester/statuses/c7b1b9121ba4c6d85de8c5d6391c01d85c09a2f2"}},"merged":false,"mergeable":true,"mergeable_state":"clean","merged_by":null,"comments":8,"review_comments":0,"commits":5,"additions":5,"deletions":0,"changed_files":1}'
    http_version: 
  recorded_at: Thu, 22 Sep 2016 20:27:18 GMT
- request:
    method: get
    uri: https://thumbot:B%2FGUk%3E~22%3Ec%2A%24I%7CIa%3C%40@api.github.com/orgs/basho-bin/members/davidpuddy1
    body:
      encoding: US-ASCII
      string: ''
    headers:
      Accept:
      - application/vnd.github.v3+json
      User-Agent:
      - Octokit Ruby Gem 4.3.0
      Content-Type:
      - application/json
      Accept-Encoding:
      - gzip;q=1.0,deflate;q=0.6,identity;q=0.3
  response:
    status:
      code: 204
      message: No Content
    headers:
      Server:
      - GitHub.com
      Date:
      - Thu, 22 Sep 2016 20:27:19 GMT
      Status:
      - 204 No Content
      X-Ratelimit-Limit:
      - '5000'
      X-Ratelimit-Remaining:
      - '4423'
      X-Ratelimit-Reset:
      - '1474577734'
      X-Github-Media-Type:
      - github.v3; format=json
      Access-Control-Expose-Headers:
      - ETag, Link, X-GitHub-OTP, X-RateLimit-Limit, X-RateLimit-Remaining, X-RateLimit-Reset,
        X-OAuth-Scopes, X-Accepted-OAuth-Scopes, X-Poll-Interval
      Access-Control-Allow-Origin:
      - "*"
      Content-Security-Policy:
      - default-src 'none'
      Strict-Transport-Security:
      - max-age=31536000; includeSubdomains; preload
      X-Content-Type-Options:
      - nosniff
      X-Frame-Options:
      - deny
      X-Xss-Protection:
      - 1; mode=block
      Vary:
      - Accept-Encoding
      X-Served-By:
      - d0b3c2c33a23690498aa8e70a435a259
      X-Github-Request-Id:
      - AD1C2EC5:2360:87A7708:57E43EA7
    body:
      encoding: UTF-8
      string: ''
    http_version: 
  recorded_at: Thu, 22 Sep 2016 20:27:19 GMT
- request:
    method: get
    uri: https://thumbot:B%2FGUk%3E~22%3Ec%2A%24I%7CIa%3C%40@api.github.com/orgs/basho-bin/members/davidpuddy1
    body:
      encoding: US-ASCII
      string: ''
    headers:
      Accept:
      - application/vnd.github.v3+json
      User-Agent:
      - Octokit Ruby Gem 4.3.0
      Content-Type:
      - application/json
      Accept-Encoding:
      - gzip;q=1.0,deflate;q=0.6,identity;q=0.3
  response:
    status:
      code: 204
      message: No Content
    headers:
      Server:
      - GitHub.com
      Date:
      - Thu, 22 Sep 2016 20:27:19 GMT
      Status:
      - 204 No Content
      X-Ratelimit-Limit:
      - '5000'
      X-Ratelimit-Remaining:
      - '4422'
      X-Ratelimit-Reset:
      - '1474577734'
      X-Github-Media-Type:
      - github.v3; format=json
      Access-Control-Expose-Headers:
      - ETag, Link, X-GitHub-OTP, X-RateLimit-Limit, X-RateLimit-Remaining, X-RateLimit-Reset,
        X-OAuth-Scopes, X-Accepted-OAuth-Scopes, X-Poll-Interval
      Access-Control-Allow-Origin:
      - "*"
      Content-Security-Policy:
      - default-src 'none'
      Strict-Transport-Security:
      - max-age=31536000; includeSubdomains; preload
      X-Content-Type-Options:
      - nosniff
      X-Frame-Options:
      - deny
      X-Xss-Protection:
      - 1; mode=block
      Vary:
      - Accept-Encoding
      X-Served-By:
      - edf23fdc48375d9066b698b8d98062e9
      X-Github-Request-Id:
      - AD1C2EC5:2360:87A77B9:57E43EA7
    body:
      encoding: UTF-8
      string: ''
    http_version: 
  recorded_at: Thu, 22 Sep 2016 20:27:19 GMT
- request:
    method: get
    uri: https://thumbot:B%2FGUk%3E~22%3Ec%2A%24I%7CIa%3C%40@api.github.com/repos/basho-bin/tester/issues/27/comments
    body:
      encoding: US-ASCII
      string: ''
    headers:
      Accept:
      - application/vnd.github.v3+json
      User-Agent:
      - Octokit Ruby Gem 4.3.0
      Content-Type:
      - application/json
      Accept-Encoding:
      - gzip;q=1.0,deflate;q=0.6,identity;q=0.3
  response:
    status:
      code: 200
      message: OK
    headers:
      Server:
      - GitHub.com
      Date:
      - Thu, 22 Sep 2016 20:27:20 GMT
      Content-Type:
      - application/json; charset=utf-8
      Transfer-Encoding:
      - chunked
      Status:
      - 200 OK
      X-Ratelimit-Limit:
      - '5000'
      X-Ratelimit-Remaining:
      - '4421'
      X-Ratelimit-Reset:
      - '1474577734'
      Cache-Control:
      - private, max-age=60, s-maxage=60
      Vary:
      - Accept, Authorization, Cookie, X-GitHub-OTP
      - Accept-Encoding
      Etag:
      - W/"e19c9b51141fbf168d2b7d640b5043e2"
      X-Github-Media-Type:
      - github.v3; format=json
      Access-Control-Expose-Headers:
      - ETag, Link, X-GitHub-OTP, X-RateLimit-Limit, X-RateLimit-Remaining, X-RateLimit-Reset,
        X-OAuth-Scopes, X-Accepted-OAuth-Scopes, X-Poll-Interval
      Access-Control-Allow-Origin:
      - "*"
      Content-Security-Policy:
      - default-src 'none'
      Strict-Transport-Security:
      - max-age=31536000; includeSubdomains; preload
      X-Content-Type-Options:
      - nosniff
      X-Frame-Options:
      - deny
      X-Xss-Protection:
      - 1; mode=block
      X-Served-By:
      - 9000e9eef7bb1e89f22030c676da140e
      X-Github-Request-Id:
      - AD1C2EC5:2360:87A7833:57E43EA8
    body:
      encoding: ASCII-8BIT
      string: '[{"url":"https://api.github.com/repos/basho-bin/tester/issues/comments/249001720","html_url":"https://github.com/basho-bin/tester/pull/27#issuecomment-249001720","issue_url":"https://api.github.com/repos/basho-bin/tester/issues/27","id":249001720,"user":{"login":"thumbot","id":20921557,"avatar_url":"https://avatars.githubusercontent.com/u/20921557?v=3","gravatar_id":"","url":"https://api.github.com/users/thumbot","html_url":"https://github.com/thumbot","followers_url":"https://api.github.com/users/thumbot/followers","following_url":"https://api.github.com/users/thumbot/following{/other_user}","gists_url":"https://api.github.com/users/thumbot/gists{/gist_id}","starred_url":"https://api.github.com/users/thumbot/starred{/owner}{/repo}","subscriptions_url":"https://api.github.com/users/thumbot/subscriptions","organizations_url":"https://api.github.com/users/thumbot/orgs","repos_url":"https://api.github.com/users/thumbot/repos","events_url":"https://api.github.com/users/thumbot/events{/privacy}","received_events_url":"https://api.github.com/users/thumbot/received_events","type":"User","site_admin":false},"created_at":"2016-09-22T19:18:55Z","updated_at":"2016-09-22T19:18:55Z","body":"Thanks
        @davidx!"},{"url":"https://api.github.com/repos/basho-bin/tester/issues/comments/249001723","html_url":"https://github.com/basho-bin/tester/pull/27#issuecomment-249001723","issue_url":"https://api.github.com/repos/basho-bin/tester/issues/27","id":249001723,"user":{"login":"thumbot","id":20921557,"avatar_url":"https://avatars.githubusercontent.com/u/20921557?v=3","gravatar_id":"","url":"https://api.github.com/users/thumbot","html_url":"https://github.com/thumbot","followers_url":"https://api.github.com/users/thumbot/followers","following_url":"https://api.github.com/users/thumbot/following{/other_user}","gists_url":"https://api.github.com/users/thumbot/gists{/gist_id}","starred_url":"https://api.github.com/users/thumbot/starred{/owner}{/repo}","subscriptions_url":"https://api.github.com/users/thumbot/subscriptions","organizations_url":"https://api.github.com/users/thumbot/orgs","repos_url":"https://api.github.com/users/thumbot/repos","events_url":"https://api.github.com/users/thumbot/events{/privacy}","received_events_url":"https://api.github.com/users/thumbot/received_events","type":"User","site_admin":false},"created_at":"2016-09-22T19:18:55Z","updated_at":"2016-09-22T19:18:55Z","body":"
        .thumbs.yml config:\n``` ---\nminimum_reviewers: 2\nbuild_steps:\n- make\n-
        make test\nmerge: true\norg_mode: true\ntimeout: 10\n ```"},{"url":"https://api.github.com/repos/basho-bin/tester/issues/comments/249001730","html_url":"https://github.com/basho-bin/tester/pull/27#issuecomment-249001730","issue_url":"https://api.github.com/repos/basho-bin/tester/issues/27","id":249001730,"user":{"login":"thumbot","id":20921557,"avatar_url":"https://avatars.githubusercontent.com/u/20921557?v=3","gravatar_id":"","url":"https://api.github.com/users/thumbot","html_url":"https://github.com/thumbot","followers_url":"https://api.github.com/users/thumbot/followers","following_url":"https://api.github.com/users/thumbot/following{/other_user}","gists_url":"https://api.github.com/users/thumbot/gists{/gist_id}","starred_url":"https://api.github.com/users/thumbot/starred{/owner}{/repo}","subscriptions_url":"https://api.github.com/users/thumbot/subscriptions","organizations_url":"https://api.github.com/users/thumbot/orgs","repos_url":"https://api.github.com/users/thumbot/repos","events_url":"https://api.github.com/users/thumbot/events{/privacy}","received_events_url":"https://api.github.com/users/thumbot/received_events","type":"User","site_admin":false},"created_at":"2016-09-22T19:18:57Z","updated_at":"2016-09-22T19:18:57Z","body":"<p>Build
        Status: [c7b1b9121b] Looks good!  :+1:</p>\n\n\n\n\n<details>\n <summary>:white_check_mark:
        MERGE </summary>\n\n <p>\n\n> Started at: 2016-09-22 12:18\n> Duration: 0
        seconds.\n> Result:  OK\n> Message: Merge Success: c7b1b9121ba4c6d85de8c5d6391c01d85c09a2f2
        onto target branch: master\n> Exit Code:  OK\n> <a href=\"https://gist.github.com/440e37f71cd71600fe4596b409049798\">:page_facing_up:</a>\n</p>\n\n```\n\n\n\nMerge
        made by the ''recursive'' strategy.\n README.md | 5 +++++\n 1 file changed,
        5 insertions(+)\n\n```\n\n--------------------------------------------------\n\n</details>\n\n\n\n\n\n<details>\n
        <summary>:white_check_mark: MAKE </summary>\n\n <p>\n\n> Started at: 2016-09-22
        12:18\n> Duration: 0 seconds.\n> Result:  OK\n> Message: OK\n> Exit Code:  0\n>
        <a href=\"https://gist.github.com/3ea00f02b6900a2694f48fec447af0a5\">:page_facing_up:</a>\n</p>\n\n```\n\ncd
        /tmp/thumbs/basho-bin_tester_27 && make 2>&1\n\nOK\n\n\n```\n\n--------------------------------------------------\n\n</details>\n\n\n\n\n\n<details>\n
        <summary>:white_check_mark: MAKE_TEST </summary>\n\n <p>\n\n> Started at:
        2016-09-22 12:18\n> Duration: 0 seconds.\n> Result:  OK\n> Message: OK\n>
        Exit Code:  0\n> <a href=\"https://gist.github.com/7ef1b84e7c07601bc9a6f243d71d842f\">:page_facing_up:</a>\n</p>\n\n```\n\ncd
        /tmp/thumbs/basho-bin_tester_27 && make test 2>&1\n\nTEST OK\n\n\n```\n\n--------------------------------------------------\n\n</details>\n\n\n\n\n<details>\n
        <summary>:white_large_square: 0 of 2 Code reviews from organization basho-bin</summary>\n\n<p>\n\n</p>\n</details>\n"},{"url":"https://api.github.com/repos/basho-bin/tester/issues/comments/249007059","html_url":"https://github.com/basho-bin/tester/pull/27#issuecomment-249007059","issue_url":"https://api.github.com/repos/basho-bin/tester/issues/27","id":249007059,"user":{"login":"davidpuddy1","id":20779719,"avatar_url":"https://avatars.githubusercontent.com/u/20779719?v=3","gravatar_id":"","url":"https://api.github.com/users/davidpuddy1","html_url":"https://github.com/davidpuddy1","followers_url":"https://api.github.com/users/davidpuddy1/followers","following_url":"https://api.github.com/users/davidpuddy1/following{/other_user}","gists_url":"https://api.github.com/users/davidpuddy1/gists{/gist_id}","starred_url":"https://api.github.com/users/davidpuddy1/starred{/owner}{/repo}","subscriptions_url":"https://api.github.com/users/davidpuddy1/subscriptions","organizations_url":"https://api.github.com/users/davidpuddy1/orgs","repos_url":"https://api.github.com/users/davidpuddy1/repos","events_url":"https://api.github.com/users/davidpuddy1/events{/privacy}","received_events_url":"https://api.github.com/users/davidpuddy1/received_events","type":"User","site_admin":false},"created_at":"2016-09-22T19:41:13Z","updated_at":"2016-09-22T19:41:13Z","body":"+1"},{"url":"https://api.github.com/repos/basho-bin/tester/issues/comments/249011752","html_url":"https://github.com/basho-bin/tester/pull/27#issuecomment-249011752","issue_url":"https://api.github.com/repos/basho-bin/tester/issues/27","id":249011752,"user":{"login":"davidpuddy1","id":20779719,"avatar_url":"https://avatars.githubusercontent.com/u/20779719?v=3","gravatar_id":"","url":"https://api.github.com/users/davidpuddy1","html_url":"https://github.com/davidpuddy1","followers_url":"https://api.github.com/users/davidpuddy1/followers","following_url":"https://api.github.com/users/davidpuddy1/following{/other_user}","gists_url":"https://api.github.com/users/davidpuddy1/gists{/gist_id}","starred_url":"https://api.github.com/users/davidpuddy1/starred{/owner}{/repo}","subscriptions_url":"https://api.github.com/users/davidpuddy1/subscriptions","organizations_url":"https://api.github.com/users/davidpuddy1/orgs","repos_url":"https://api.github.com/users/davidpuddy1/repos","events_url":"https://api.github.com/users/davidpuddy1/events{/privacy}","received_events_url":"https://api.github.com/users/davidpuddy1/received_events","type":"User","site_admin":false},"created_at":"2016-09-22T20:00:40Z","updated_at":"2016-09-22T20:00:40Z","body":"This
        looks great, thank you! +1  (ok to merge)"},{"url":"https://api.github.com/repos/basho-bin/tester/issues/comments/249012620","html_url":"https://github.com/basho-bin/tester/pull/27#issuecomment-249012620","issue_url":"https://api.github.com/repos/basho-bin/tester/issues/27","id":249012620,"user":{"login":"davidpuddy1","id":20779719,"avatar_url":"https://avatars.githubusercontent.com/u/20779719?v=3","gravatar_id":"","url":"https://api.github.com/users/davidpuddy1","html_url":"https://github.com/davidpuddy1","followers_url":"https://api.github.com/users/davidpuddy1/followers","following_url":"https://api.github.com/users/davidpuddy1/following{/other_user}","gists_url":"https://api.github.com/users/davidpuddy1/gists{/gist_id}","starred_url":"https://api.github.com/users/davidpuddy1/starred{/owner}{/repo}","subscriptions_url":"https://api.github.com/users/davidpuddy1/subscriptions","organizations_url":"https://api.github.com/users/davidpuddy1/orgs","repos_url":"https://api.github.com/users/davidpuddy1/repos","events_url":"https://api.github.com/users/davidpuddy1/events{/privacy}","received_events_url":"https://api.github.com/users/davidpuddy1/received_events","type":"User","site_admin":false},"created_at":"2016-09-22T20:04:15Z","updated_at":"2016-09-22T20:04:15Z","body":"This
        looks great, thank you! +1  (ok to merge)"},{"url":"https://api.github.com/repos/basho-bin/tester/issues/comments/249013261","html_url":"https://github.com/basho-bin/tester/pull/27#issuecomment-249013261","issue_url":"https://api.github.com/repos/basho-bin/tester/issues/27","id":249013261,"user":{"login":"davidpuddy1","id":20779719,"avatar_url":"https://avatars.githubusercontent.com/u/20779719?v=3","gravatar_id":"","url":"https://api.github.com/users/davidpuddy1","html_url":"https://github.com/davidpuddy1","followers_url":"https://api.github.com/users/davidpuddy1/followers","following_url":"https://api.github.com/users/davidpuddy1/following{/other_user}","gists_url":"https://api.github.com/users/davidpuddy1/gists{/gist_id}","starred_url":"https://api.github.com/users/davidpuddy1/starred{/owner}{/repo}","subscriptions_url":"https://api.github.com/users/davidpuddy1/subscriptions","organizations_url":"https://api.github.com/users/davidpuddy1/orgs","repos_url":"https://api.github.com/users/davidpuddy1/repos","events_url":"https://api.github.com/users/davidpuddy1/events{/privacy}","received_events_url":"https://api.github.com/users/davidpuddy1/received_events","type":"User","site_admin":false},"created_at":"2016-09-22T20:06:47Z","updated_at":"2016-09-22T20:06:47Z","body":"This
        looks great, thank you! +1  (ok to merge)"},{"url":"https://api.github.com/repos/basho-bin/tester/issues/comments/249014159","html_url":"https://github.com/basho-bin/tester/pull/27#issuecomment-249014159","issue_url":"https://api.github.com/repos/basho-bin/tester/issues/27","id":249014159,"user":{"login":"davidpuddy1","id":20779719,"avatar_url":"https://avatars.githubusercontent.com/u/20779719?v=3","gravatar_id":"","url":"https://api.github.com/users/davidpuddy1","html_url":"https://github.com/davidpuddy1","followers_url":"https://api.github.com/users/davidpuddy1/followers","following_url":"https://api.github.com/users/davidpuddy1/following{/other_user}","gists_url":"https://api.github.com/users/davidpuddy1/gists{/gist_id}","starred_url":"https://api.github.com/users/davidpuddy1/starred{/owner}{/repo}","subscriptions_url":"https://api.github.com/users/davidpuddy1/subscriptions","organizations_url":"https://api.github.com/users/davidpuddy1/orgs","repos_url":"https://api.github.com/users/davidpuddy1/repos","events_url":"https://api.github.com/users/davidpuddy1/events{/privacy}","received_events_url":"https://api.github.com/users/davidpuddy1/received_events","type":"User","site_admin":false},"created_at":"2016-09-22T20:10:32Z","updated_at":"2016-09-22T20:10:32Z","body":"This
        looks great, thank you! +1  (ok to merge)"}]'
    http_version: 
  recorded_at: Thu, 22 Sep 2016 20:27:20 GMT
- request:
    method: get
    uri: https://thumbot:B%2FGUk%3E~22%3Ec%2A%24I%7CIa%3C%40@api.github.com/orgs/basho-bin/members/davidpuddy1
    body:
      encoding: US-ASCII
      string: ''
    headers:
      Accept:
      - application/vnd.github.v3+json
      User-Agent:
      - Octokit Ruby Gem 4.3.0
      Content-Type:
      - application/json
      Accept-Encoding:
      - gzip;q=1.0,deflate;q=0.6,identity;q=0.3
  response:
    status:
      code: 204
      message: No Content
    headers:
      Server:
      - GitHub.com
      Date:
      - Thu, 22 Sep 2016 20:27:21 GMT
      Status:
      - 204 No Content
      X-Ratelimit-Limit:
      - '5000'
      X-Ratelimit-Remaining:
      - '4420'
      X-Ratelimit-Reset:
      - '1474577734'
      X-Github-Media-Type:
      - github.v3; format=json
      Access-Control-Expose-Headers:
      - ETag, Link, X-GitHub-OTP, X-RateLimit-Limit, X-RateLimit-Remaining, X-RateLimit-Reset,
        X-OAuth-Scopes, X-Accepted-OAuth-Scopes, X-Poll-Interval
      Access-Control-Allow-Origin:
      - "*"
      Content-Security-Policy:
      - default-src 'none'
      Strict-Transport-Security:
      - max-age=31536000; includeSubdomains; preload
      X-Content-Type-Options:
      - nosniff
      X-Frame-Options:
      - deny
      X-Xss-Protection:
      - 1; mode=block
      Vary:
      - Accept-Encoding
      X-Served-By:
      - 4c8b2d4732c413f4b9aefe394bd65569
      X-Github-Request-Id:
      - AD1C2EC5:2360:87A7906:57E43EA9
    body:
      encoding: UTF-8
      string: ''
    http_version: 
  recorded_at: Thu, 22 Sep 2016 20:27:21 GMT
- request:
    method: get
    uri: https://thumbot:B%2FGUk%3E~22%3Ec%2A%24I%7CIa%3C%40@api.github.com/orgs/basho-bin/members/davidpuddy1
    body:
      encoding: US-ASCII
      string: ''
    headers:
      Accept:
      - application/vnd.github.v3+json
      User-Agent:
      - Octokit Ruby Gem 4.3.0
      Content-Type:
      - application/json
      Accept-Encoding:
      - gzip;q=1.0,deflate;q=0.6,identity;q=0.3
  response:
    status:
      code: 204
      message: No Content
    headers:
      Server:
      - GitHub.com
      Date:
      - Thu, 22 Sep 2016 20:27:21 GMT
      Status:
      - 204 No Content
      X-Ratelimit-Limit:
      - '5000'
      X-Ratelimit-Remaining:
      - '4419'
      X-Ratelimit-Reset:
      - '1474577734'
      X-Github-Media-Type:
      - github.v3; format=json
      Access-Control-Expose-Headers:
      - ETag, Link, X-GitHub-OTP, X-RateLimit-Limit, X-RateLimit-Remaining, X-RateLimit-Reset,
        X-OAuth-Scopes, X-Accepted-OAuth-Scopes, X-Poll-Interval
      Access-Control-Allow-Origin:
      - "*"
      Content-Security-Policy:
      - default-src 'none'
      Strict-Transport-Security:
      - max-age=31536000; includeSubdomains; preload
      X-Content-Type-Options:
      - nosniff
      X-Frame-Options:
      - deny
      X-Xss-Protection:
      - 1; mode=block
      Vary:
      - Accept-Encoding
      X-Served-By:
      - a474937f3b2fa272558fa6dc951018ad
      X-Github-Request-Id:
      - AD1C2EC5:235F:52642C9:57E43EA9
    body:
      encoding: UTF-8
      string: ''
    http_version: 
  recorded_at: Thu, 22 Sep 2016 20:27:21 GMT
- request:
    method: get
    uri: https://thumbot:B%2FGUk%3E~22%3Ec%2A%24I%7CIa%3C%40@api.github.com/orgs/basho-bin/members/davidpuddy1
    body:
      encoding: US-ASCII
      string: ''
    headers:
      Accept:
      - application/vnd.github.v3+json
      User-Agent:
      - Octokit Ruby Gem 4.3.0
      Content-Type:
      - application/json
      Accept-Encoding:
      - gzip;q=1.0,deflate;q=0.6,identity;q=0.3
  response:
    status:
      code: 204
      message: No Content
    headers:
      Server:
      - GitHub.com
      Date:
      - Thu, 22 Sep 2016 20:27:22 GMT
      Status:
      - 204 No Content
      X-Ratelimit-Limit:
      - '5000'
      X-Ratelimit-Remaining:
      - '4418'
      X-Ratelimit-Reset:
      - '1474577734'
      X-Github-Media-Type:
      - github.v3; format=json
      Access-Control-Expose-Headers:
      - ETag, Link, X-GitHub-OTP, X-RateLimit-Limit, X-RateLimit-Remaining, X-RateLimit-Reset,
        X-OAuth-Scopes, X-Accepted-OAuth-Scopes, X-Poll-Interval
      Access-Control-Allow-Origin:
      - "*"
      Content-Security-Policy:
      - default-src 'none'
      Strict-Transport-Security:
      - max-age=31536000; includeSubdomains; preload
      X-Content-Type-Options:
      - nosniff
      X-Frame-Options:
      - deny
      X-Xss-Protection:
      - 1; mode=block
      Vary:
      - Accept-Encoding
      X-Served-By:
      - bd82876e9bf04990f289ba22f246ee9b
      X-Github-Request-Id:
      - AD1C2EC5:235F:5264321:57E43EA9
    body:
      encoding: UTF-8
      string: ''
    http_version: 
  recorded_at: Thu, 22 Sep 2016 20:27:22 GMT
- request:
    method: get
    uri: https://thumbot:B%2FGUk%3E~22%3Ec%2A%24I%7CIa%3C%40@api.github.com/orgs/basho-bin/members/davidpuddy1
    body:
      encoding: US-ASCII
      string: ''
    headers:
      Accept:
      - application/vnd.github.v3+json
      User-Agent:
      - Octokit Ruby Gem 4.3.0
      Content-Type:
      - application/json
      Accept-Encoding:
      - gzip;q=1.0,deflate;q=0.6,identity;q=0.3
  response:
    status:
      code: 204
      message: No Content
    headers:
      Server:
      - GitHub.com
      Date:
      - Thu, 22 Sep 2016 20:27:22 GMT
      Status:
      - 204 No Content
      X-Ratelimit-Limit:
      - '5000'
      X-Ratelimit-Remaining:
      - '4417'
      X-Ratelimit-Reset:
      - '1474577734'
      X-Github-Media-Type:
      - github.v3; format=json
      Access-Control-Expose-Headers:
      - ETag, Link, X-GitHub-OTP, X-RateLimit-Limit, X-RateLimit-Remaining, X-RateLimit-Reset,
        X-OAuth-Scopes, X-Accepted-OAuth-Scopes, X-Poll-Interval
      Access-Control-Allow-Origin:
      - "*"
      Content-Security-Policy:
      - default-src 'none'
      Strict-Transport-Security:
      - max-age=31536000; includeSubdomains; preload
      X-Content-Type-Options:
      - nosniff
      X-Frame-Options:
      - deny
      X-Xss-Protection:
      - 1; mode=block
      Vary:
      - Accept-Encoding
      X-Served-By:
      - 0e17b94a265a427d9cafe798ceea7c02
      X-Github-Request-Id:
      - AD1C2EC5:2360:87A7A63:57E43EAA
    body:
      encoding: UTF-8
      string: ''
    http_version: 
  recorded_at: Thu, 22 Sep 2016 20:27:22 GMT
- request:
    method: get
    uri: https://thumbot:B%2FGUk%3E~22%3Ec%2A%24I%7CIa%3C%40@api.github.com/orgs/basho-bin/members/davidpuddy1
    body:
      encoding: US-ASCII
      string: ''
    headers:
      Accept:
      - application/vnd.github.v3+json
      User-Agent:
      - Octokit Ruby Gem 4.3.0
      Content-Type:
      - application/json
      Accept-Encoding:
      - gzip;q=1.0,deflate;q=0.6,identity;q=0.3
  response:
    status:
      code: 204
      message: No Content
    headers:
      Server:
      - GitHub.com
      Date:
      - Thu, 22 Sep 2016 20:27:23 GMT
      Status:
      - 204 No Content
      X-Ratelimit-Limit:
      - '5000'
      X-Ratelimit-Remaining:
      - '4416'
      X-Ratelimit-Reset:
      - '1474577734'
      X-Github-Media-Type:
      - github.v3; format=json
      Access-Control-Expose-Headers:
      - ETag, Link, X-GitHub-OTP, X-RateLimit-Limit, X-RateLimit-Remaining, X-RateLimit-Reset,
        X-OAuth-Scopes, X-Accepted-OAuth-Scopes, X-Poll-Interval
      Access-Control-Allow-Origin:
      - "*"
      Content-Security-Policy:
      - default-src 'none'
      Strict-Transport-Security:
      - max-age=31536000; includeSubdomains; preload
      X-Content-Type-Options:
      - nosniff
      X-Frame-Options:
      - deny
      X-Xss-Protection:
      - 1; mode=block
      Vary:
      - Accept-Encoding
      X-Served-By:
      - 065b43cd9674091fec48a221b420fbb3
      X-Github-Request-Id:
      - AD1C2EC5:2358:2E4042F:57E43EAA
    body:
      encoding: UTF-8
      string: ''
    http_version: 
  recorded_at: Thu, 22 Sep 2016 20:27:23 GMT
- request:
    method: get
    uri: https://thumbot:B%2FGUk%3E~22%3Ec%2A%24I%7CIa%3C%40@api.github.com/repos/basho-bin/tester/issues/27/comments
    body:
      encoding: US-ASCII
      string: ''
    headers:
      Accept:
      - application/vnd.github.v3+json
      User-Agent:
      - Octokit Ruby Gem 4.3.0
      Content-Type:
      - application/json
      Accept-Encoding:
      - gzip;q=1.0,deflate;q=0.6,identity;q=0.3
  response:
    status:
      code: 200
      message: OK
    headers:
      Server:
      - GitHub.com
      Date:
      - Thu, 22 Sep 2016 20:27:23 GMT
      Content-Type:
      - application/json; charset=utf-8
      Transfer-Encoding:
      - chunked
      Status:
      - 200 OK
      X-Ratelimit-Limit:
      - '5000'
      X-Ratelimit-Remaining:
      - '4415'
      X-Ratelimit-Reset:
      - '1474577734'
      Cache-Control:
      - private, max-age=60, s-maxage=60
      Vary:
      - Accept, Authorization, Cookie, X-GitHub-OTP
      - Accept-Encoding
      Etag:
      - W/"e19c9b51141fbf168d2b7d640b5043e2"
      X-Github-Media-Type:
      - github.v3; format=json
      Access-Control-Expose-Headers:
      - ETag, Link, X-GitHub-OTP, X-RateLimit-Limit, X-RateLimit-Remaining, X-RateLimit-Reset,
        X-OAuth-Scopes, X-Accepted-OAuth-Scopes, X-Poll-Interval
      Access-Control-Allow-Origin:
      - "*"
      Content-Security-Policy:
      - default-src 'none'
      Strict-Transport-Security:
      - max-age=31536000; includeSubdomains; preload
      X-Content-Type-Options:
      - nosniff
      X-Frame-Options:
      - deny
      X-Xss-Protection:
      - 1; mode=block
      X-Served-By:
      - 88531cdcf1929112ec480e1806d44a33
      X-Github-Request-Id:
      - AD1C2EC5:2356:A65928A:57E43EAB
    body:
      encoding: ASCII-8BIT
      string: '[{"url":"https://api.github.com/repos/basho-bin/tester/issues/comments/249001720","html_url":"https://github.com/basho-bin/tester/pull/27#issuecomment-249001720","issue_url":"https://api.github.com/repos/basho-bin/tester/issues/27","id":249001720,"user":{"login":"thumbot","id":20921557,"avatar_url":"https://avatars.githubusercontent.com/u/20921557?v=3","gravatar_id":"","url":"https://api.github.com/users/thumbot","html_url":"https://github.com/thumbot","followers_url":"https://api.github.com/users/thumbot/followers","following_url":"https://api.github.com/users/thumbot/following{/other_user}","gists_url":"https://api.github.com/users/thumbot/gists{/gist_id}","starred_url":"https://api.github.com/users/thumbot/starred{/owner}{/repo}","subscriptions_url":"https://api.github.com/users/thumbot/subscriptions","organizations_url":"https://api.github.com/users/thumbot/orgs","repos_url":"https://api.github.com/users/thumbot/repos","events_url":"https://api.github.com/users/thumbot/events{/privacy}","received_events_url":"https://api.github.com/users/thumbot/received_events","type":"User","site_admin":false},"created_at":"2016-09-22T19:18:55Z","updated_at":"2016-09-22T19:18:55Z","body":"Thanks
        @davidx!"},{"url":"https://api.github.com/repos/basho-bin/tester/issues/comments/249001723","html_url":"https://github.com/basho-bin/tester/pull/27#issuecomment-249001723","issue_url":"https://api.github.com/repos/basho-bin/tester/issues/27","id":249001723,"user":{"login":"thumbot","id":20921557,"avatar_url":"https://avatars.githubusercontent.com/u/20921557?v=3","gravatar_id":"","url":"https://api.github.com/users/thumbot","html_url":"https://github.com/thumbot","followers_url":"https://api.github.com/users/thumbot/followers","following_url":"https://api.github.com/users/thumbot/following{/other_user}","gists_url":"https://api.github.com/users/thumbot/gists{/gist_id}","starred_url":"https://api.github.com/users/thumbot/starred{/owner}{/repo}","subscriptions_url":"https://api.github.com/users/thumbot/subscriptions","organizations_url":"https://api.github.com/users/thumbot/orgs","repos_url":"https://api.github.com/users/thumbot/repos","events_url":"https://api.github.com/users/thumbot/events{/privacy}","received_events_url":"https://api.github.com/users/thumbot/received_events","type":"User","site_admin":false},"created_at":"2016-09-22T19:18:55Z","updated_at":"2016-09-22T19:18:55Z","body":"
        .thumbs.yml config:\n``` ---\nminimum_reviewers: 2\nbuild_steps:\n- make\n-
        make test\nmerge: true\norg_mode: true\ntimeout: 10\n ```"},{"url":"https://api.github.com/repos/basho-bin/tester/issues/comments/249001730","html_url":"https://github.com/basho-bin/tester/pull/27#issuecomment-249001730","issue_url":"https://api.github.com/repos/basho-bin/tester/issues/27","id":249001730,"user":{"login":"thumbot","id":20921557,"avatar_url":"https://avatars.githubusercontent.com/u/20921557?v=3","gravatar_id":"","url":"https://api.github.com/users/thumbot","html_url":"https://github.com/thumbot","followers_url":"https://api.github.com/users/thumbot/followers","following_url":"https://api.github.com/users/thumbot/following{/other_user}","gists_url":"https://api.github.com/users/thumbot/gists{/gist_id}","starred_url":"https://api.github.com/users/thumbot/starred{/owner}{/repo}","subscriptions_url":"https://api.github.com/users/thumbot/subscriptions","organizations_url":"https://api.github.com/users/thumbot/orgs","repos_url":"https://api.github.com/users/thumbot/repos","events_url":"https://api.github.com/users/thumbot/events{/privacy}","received_events_url":"https://api.github.com/users/thumbot/received_events","type":"User","site_admin":false},"created_at":"2016-09-22T19:18:57Z","updated_at":"2016-09-22T19:18:57Z","body":"<p>Build
        Status: [c7b1b9121b] Looks good!  :+1:</p>\n\n\n\n\n<details>\n <summary>:white_check_mark:
        MERGE </summary>\n\n <p>\n\n> Started at: 2016-09-22 12:18\n> Duration: 0
        seconds.\n> Result:  OK\n> Message: Merge Success: c7b1b9121ba4c6d85de8c5d6391c01d85c09a2f2
        onto target branch: master\n> Exit Code:  OK\n> <a href=\"https://gist.github.com/440e37f71cd71600fe4596b409049798\">:page_facing_up:</a>\n</p>\n\n```\n\n\n\nMerge
        made by the ''recursive'' strategy.\n README.md | 5 +++++\n 1 file changed,
        5 insertions(+)\n\n```\n\n--------------------------------------------------\n\n</details>\n\n\n\n\n\n<details>\n
        <summary>:white_check_mark: MAKE </summary>\n\n <p>\n\n> Started at: 2016-09-22
        12:18\n> Duration: 0 seconds.\n> Result:  OK\n> Message: OK\n> Exit Code:  0\n>
        <a href=\"https://gist.github.com/3ea00f02b6900a2694f48fec447af0a5\">:page_facing_up:</a>\n</p>\n\n```\n\ncd
        /tmp/thumbs/basho-bin_tester_27 && make 2>&1\n\nOK\n\n\n```\n\n--------------------------------------------------\n\n</details>\n\n\n\n\n\n<details>\n
        <summary>:white_check_mark: MAKE_TEST </summary>\n\n <p>\n\n> Started at:
        2016-09-22 12:18\n> Duration: 0 seconds.\n> Result:  OK\n> Message: OK\n>
        Exit Code:  0\n> <a href=\"https://gist.github.com/7ef1b84e7c07601bc9a6f243d71d842f\">:page_facing_up:</a>\n</p>\n\n```\n\ncd
        /tmp/thumbs/basho-bin_tester_27 && make test 2>&1\n\nTEST OK\n\n\n```\n\n--------------------------------------------------\n\n</details>\n\n\n\n\n<details>\n
        <summary>:white_large_square: 0 of 2 Code reviews from organization basho-bin</summary>\n\n<p>\n\n</p>\n</details>\n"},{"url":"https://api.github.com/repos/basho-bin/tester/issues/comments/249007059","html_url":"https://github.com/basho-bin/tester/pull/27#issuecomment-249007059","issue_url":"https://api.github.com/repos/basho-bin/tester/issues/27","id":249007059,"user":{"login":"davidpuddy1","id":20779719,"avatar_url":"https://avatars.githubusercontent.com/u/20779719?v=3","gravatar_id":"","url":"https://api.github.com/users/davidpuddy1","html_url":"https://github.com/davidpuddy1","followers_url":"https://api.github.com/users/davidpuddy1/followers","following_url":"https://api.github.com/users/davidpuddy1/following{/other_user}","gists_url":"https://api.github.com/users/davidpuddy1/gists{/gist_id}","starred_url":"https://api.github.com/users/davidpuddy1/starred{/owner}{/repo}","subscriptions_url":"https://api.github.com/users/davidpuddy1/subscriptions","organizations_url":"https://api.github.com/users/davidpuddy1/orgs","repos_url":"https://api.github.com/users/davidpuddy1/repos","events_url":"https://api.github.com/users/davidpuddy1/events{/privacy}","received_events_url":"https://api.github.com/users/davidpuddy1/received_events","type":"User","site_admin":false},"created_at":"2016-09-22T19:41:13Z","updated_at":"2016-09-22T19:41:13Z","body":"+1"},{"url":"https://api.github.com/repos/basho-bin/tester/issues/comments/249011752","html_url":"https://github.com/basho-bin/tester/pull/27#issuecomment-249011752","issue_url":"https://api.github.com/repos/basho-bin/tester/issues/27","id":249011752,"user":{"login":"davidpuddy1","id":20779719,"avatar_url":"https://avatars.githubusercontent.com/u/20779719?v=3","gravatar_id":"","url":"https://api.github.com/users/davidpuddy1","html_url":"https://github.com/davidpuddy1","followers_url":"https://api.github.com/users/davidpuddy1/followers","following_url":"https://api.github.com/users/davidpuddy1/following{/other_user}","gists_url":"https://api.github.com/users/davidpuddy1/gists{/gist_id}","starred_url":"https://api.github.com/users/davidpuddy1/starred{/owner}{/repo}","subscriptions_url":"https://api.github.com/users/davidpuddy1/subscriptions","organizations_url":"https://api.github.com/users/davidpuddy1/orgs","repos_url":"https://api.github.com/users/davidpuddy1/repos","events_url":"https://api.github.com/users/davidpuddy1/events{/privacy}","received_events_url":"https://api.github.com/users/davidpuddy1/received_events","type":"User","site_admin":false},"created_at":"2016-09-22T20:00:40Z","updated_at":"2016-09-22T20:00:40Z","body":"This
        looks great, thank you! +1  (ok to merge)"},{"url":"https://api.github.com/repos/basho-bin/tester/issues/comments/249012620","html_url":"https://github.com/basho-bin/tester/pull/27#issuecomment-249012620","issue_url":"https://api.github.com/repos/basho-bin/tester/issues/27","id":249012620,"user":{"login":"davidpuddy1","id":20779719,"avatar_url":"https://avatars.githubusercontent.com/u/20779719?v=3","gravatar_id":"","url":"https://api.github.com/users/davidpuddy1","html_url":"https://github.com/davidpuddy1","followers_url":"https://api.github.com/users/davidpuddy1/followers","following_url":"https://api.github.com/users/davidpuddy1/following{/other_user}","gists_url":"https://api.github.com/users/davidpuddy1/gists{/gist_id}","starred_url":"https://api.github.com/users/davidpuddy1/starred{/owner}{/repo}","subscriptions_url":"https://api.github.com/users/davidpuddy1/subscriptions","organizations_url":"https://api.github.com/users/davidpuddy1/orgs","repos_url":"https://api.github.com/users/davidpuddy1/repos","events_url":"https://api.github.com/users/davidpuddy1/events{/privacy}","received_events_url":"https://api.github.com/users/davidpuddy1/received_events","type":"User","site_admin":false},"created_at":"2016-09-22T20:04:15Z","updated_at":"2016-09-22T20:04:15Z","body":"This
        looks great, thank you! +1  (ok to merge)"},{"url":"https://api.github.com/repos/basho-bin/tester/issues/comments/249013261","html_url":"https://github.com/basho-bin/tester/pull/27#issuecomment-249013261","issue_url":"https://api.github.com/repos/basho-bin/tester/issues/27","id":249013261,"user":{"login":"davidpuddy1","id":20779719,"avatar_url":"https://avatars.githubusercontent.com/u/20779719?v=3","gravatar_id":"","url":"https://api.github.com/users/davidpuddy1","html_url":"https://github.com/davidpuddy1","followers_url":"https://api.github.com/users/davidpuddy1/followers","following_url":"https://api.github.com/users/davidpuddy1/following{/other_user}","gists_url":"https://api.github.com/users/davidpuddy1/gists{/gist_id}","starred_url":"https://api.github.com/users/davidpuddy1/starred{/owner}{/repo}","subscriptions_url":"https://api.github.com/users/davidpuddy1/subscriptions","organizations_url":"https://api.github.com/users/davidpuddy1/orgs","repos_url":"https://api.github.com/users/davidpuddy1/repos","events_url":"https://api.github.com/users/davidpuddy1/events{/privacy}","received_events_url":"https://api.github.com/users/davidpuddy1/received_events","type":"User","site_admin":false},"created_at":"2016-09-22T20:06:47Z","updated_at":"2016-09-22T20:06:47Z","body":"This
        looks great, thank you! +1  (ok to merge)"},{"url":"https://api.github.com/repos/basho-bin/tester/issues/comments/249014159","html_url":"https://github.com/basho-bin/tester/pull/27#issuecomment-249014159","issue_url":"https://api.github.com/repos/basho-bin/tester/issues/27","id":249014159,"user":{"login":"davidpuddy1","id":20779719,"avatar_url":"https://avatars.githubusercontent.com/u/20779719?v=3","gravatar_id":"","url":"https://api.github.com/users/davidpuddy1","html_url":"https://github.com/davidpuddy1","followers_url":"https://api.github.com/users/davidpuddy1/followers","following_url":"https://api.github.com/users/davidpuddy1/following{/other_user}","gists_url":"https://api.github.com/users/davidpuddy1/gists{/gist_id}","starred_url":"https://api.github.com/users/davidpuddy1/starred{/owner}{/repo}","subscriptions_url":"https://api.github.com/users/davidpuddy1/subscriptions","organizations_url":"https://api.github.com/users/davidpuddy1/orgs","repos_url":"https://api.github.com/users/davidpuddy1/repos","events_url":"https://api.github.com/users/davidpuddy1/events{/privacy}","received_events_url":"https://api.github.com/users/davidpuddy1/received_events","type":"User","site_admin":false},"created_at":"2016-09-22T20:10:32Z","updated_at":"2016-09-22T20:10:32Z","body":"This
        looks great, thank you! +1  (ok to merge)"}]'
    http_version: 
  recorded_at: Thu, 22 Sep 2016 20:27:23 GMT
- request:
    method: get
    uri: https://thumbot:B%2FGUk%3E~22%3Ec%2A%24I%7CIa%3C%40@api.github.com/orgs/basho-bin/members/davidpuddy1
    body:
      encoding: US-ASCII
      string: ''
    headers:
      Accept:
      - application/vnd.github.v3+json
      User-Agent:
      - Octokit Ruby Gem 4.3.0
      Content-Type:
      - application/json
      Accept-Encoding:
      - gzip;q=1.0,deflate;q=0.6,identity;q=0.3
  response:
    status:
      code: 204
      message: No Content
    headers:
      Server:
      - GitHub.com
      Date:
      - Thu, 22 Sep 2016 20:27:24 GMT
      Status:
      - 204 No Content
      X-Ratelimit-Limit:
      - '5000'
      X-Ratelimit-Remaining:
      - '4414'
      X-Ratelimit-Reset:
      - '1474577734'
      X-Github-Media-Type:
      - github.v3; format=json
      Access-Control-Expose-Headers:
      - ETag, Link, X-GitHub-OTP, X-RateLimit-Limit, X-RateLimit-Remaining, X-RateLimit-Reset,
        X-OAuth-Scopes, X-Accepted-OAuth-Scopes, X-Poll-Interval
      Access-Control-Allow-Origin:
      - "*"
      Content-Security-Policy:
      - default-src 'none'
      Strict-Transport-Security:
      - max-age=31536000; includeSubdomains; preload
      X-Content-Type-Options:
      - nosniff
      X-Frame-Options:
      - deny
      X-Xss-Protection:
      - 1; mode=block
      Vary:
      - Accept-Encoding
      X-Served-By:
      - 593010132f82159af0ded24b4932e109
      X-Github-Request-Id:
      - AD1C2EC5:2358:2E404C1:57E43EAB
    body:
      encoding: UTF-8
      string: ''
    http_version: 
  recorded_at: Thu, 22 Sep 2016 20:27:24 GMT
- request:
    method: get
    uri: https://thumbot:B%2FGUk%3E~22%3Ec%2A%24I%7CIa%3C%40@api.github.com/orgs/basho-bin/members/davidpuddy1
    body:
      encoding: US-ASCII
      string: ''
    headers:
      Accept:
      - application/vnd.github.v3+json
      User-Agent:
      - Octokit Ruby Gem 4.3.0
      Content-Type:
      - application/json
      Accept-Encoding:
      - gzip;q=1.0,deflate;q=0.6,identity;q=0.3
  response:
    status:
      code: 204
      message: No Content
    headers:
      Server:
      - GitHub.com
      Date:
      - Thu, 22 Sep 2016 20:27:24 GMT
      Status:
      - 204 No Content
      X-Ratelimit-Limit:
      - '5000'
      X-Ratelimit-Remaining:
      - '4413'
      X-Ratelimit-Reset:
      - '1474577734'
      X-Github-Media-Type:
      - github.v3; format=json
      Access-Control-Expose-Headers:
      - ETag, Link, X-GitHub-OTP, X-RateLimit-Limit, X-RateLimit-Remaining, X-RateLimit-Reset,
        X-OAuth-Scopes, X-Accepted-OAuth-Scopes, X-Poll-Interval
      Access-Control-Allow-Origin:
      - "*"
      Content-Security-Policy:
      - default-src 'none'
      Strict-Transport-Security:
      - max-age=31536000; includeSubdomains; preload
      X-Content-Type-Options:
      - nosniff
      X-Frame-Options:
      - deny
      X-Xss-Protection:
      - 1; mode=block
      Vary:
      - Accept-Encoding
      X-Served-By:
      - 76d9828c7e4f1d910f7ba069e90ce976
      X-Github-Request-Id:
      - AD1C2EC5:2356:A6593A1:57E43EAC
    body:
      encoding: UTF-8
      string: ''
    http_version: 
  recorded_at: Thu, 22 Sep 2016 20:27:24 GMT
- request:
    method: get
    uri: https://thumbot:B%2FGUk%3E~22%3Ec%2A%24I%7CIa%3C%40@api.github.com/orgs/basho-bin/members/davidpuddy1
    body:
      encoding: US-ASCII
      string: ''
    headers:
      Accept:
      - application/vnd.github.v3+json
      User-Agent:
      - Octokit Ruby Gem 4.3.0
      Content-Type:
      - application/json
      Accept-Encoding:
      - gzip;q=1.0,deflate;q=0.6,identity;q=0.3
  response:
    status:
      code: 204
      message: No Content
    headers:
      Server:
      - GitHub.com
      Date:
      - Thu, 22 Sep 2016 20:27:25 GMT
      Status:
      - 204 No Content
      X-Ratelimit-Limit:
      - '5000'
      X-Ratelimit-Remaining:
      - '4412'
      X-Ratelimit-Reset:
      - '1474577734'
      X-Github-Media-Type:
      - github.v3; format=json
      Access-Control-Expose-Headers:
      - ETag, Link, X-GitHub-OTP, X-RateLimit-Limit, X-RateLimit-Remaining, X-RateLimit-Reset,
        X-OAuth-Scopes, X-Accepted-OAuth-Scopes, X-Poll-Interval
      Access-Control-Allow-Origin:
      - "*"
      Content-Security-Policy:
      - default-src 'none'
      Strict-Transport-Security:
      - max-age=31536000; includeSubdomains; preload
      X-Content-Type-Options:
      - nosniff
      X-Frame-Options:
      - deny
      X-Xss-Protection:
      - 1; mode=block
      Vary:
      - Accept-Encoding
      X-Served-By:
      - 1e9204dbc0447a6f39c3b3c44d87b3f8
      X-Github-Request-Id:
      - AD1C2EC5:2356:A659435:57E43EAC
    body:
      encoding: UTF-8
      string: ''
    http_version: 
  recorded_at: Thu, 22 Sep 2016 20:27:25 GMT
- request:
    method: get
    uri: https://thumbot:B%2FGUk%3E~22%3Ec%2A%24I%7CIa%3C%40@api.github.com/orgs/basho-bin/members/davidpuddy1
    body:
      encoding: US-ASCII
      string: ''
    headers:
      Accept:
      - application/vnd.github.v3+json
      User-Agent:
      - Octokit Ruby Gem 4.3.0
      Content-Type:
      - application/json
      Accept-Encoding:
      - gzip;q=1.0,deflate;q=0.6,identity;q=0.3
  response:
    status:
      code: 204
      message: No Content
    headers:
      Server:
      - GitHub.com
      Date:
      - Thu, 22 Sep 2016 20:27:25 GMT
      Status:
      - 204 No Content
      X-Ratelimit-Limit:
      - '5000'
      X-Ratelimit-Remaining:
      - '4411'
      X-Ratelimit-Reset:
      - '1474577734'
      X-Github-Media-Type:
      - github.v3; format=json
      Access-Control-Expose-Headers:
      - ETag, Link, X-GitHub-OTP, X-RateLimit-Limit, X-RateLimit-Remaining, X-RateLimit-Reset,
        X-OAuth-Scopes, X-Accepted-OAuth-Scopes, X-Poll-Interval
      Access-Control-Allow-Origin:
      - "*"
      Content-Security-Policy:
      - default-src 'none'
      Strict-Transport-Security:
      - max-age=31536000; includeSubdomains; preload
      X-Content-Type-Options:
      - nosniff
      X-Frame-Options:
      - deny
      X-Xss-Protection:
      - 1; mode=block
      Vary:
      - Accept-Encoding
      X-Served-By:
      - 065b43cd9674091fec48a221b420fbb3
      X-Github-Request-Id:
      - AD1C2EC5:2356:A6594AD:57E43EAD
    body:
      encoding: UTF-8
      string: ''
    http_version: 
  recorded_at: Thu, 22 Sep 2016 20:27:25 GMT
- request:
    method: get
    uri: https://thumbot:B%2FGUk%3E~22%3Ec%2A%24I%7CIa%3C%40@api.github.com/orgs/basho-bin/members/davidpuddy1
    body:
      encoding: US-ASCII
      string: ''
    headers:
      Accept:
      - application/vnd.github.v3+json
      User-Agent:
      - Octokit Ruby Gem 4.3.0
      Content-Type:
      - application/json
      Accept-Encoding:
      - gzip;q=1.0,deflate;q=0.6,identity;q=0.3
  response:
    status:
      code: 204
      message: No Content
    headers:
      Server:
      - GitHub.com
      Date:
      - Thu, 22 Sep 2016 20:27:26 GMT
      Status:
      - 204 No Content
      X-Ratelimit-Limit:
      - '5000'
      X-Ratelimit-Remaining:
      - '4410'
      X-Ratelimit-Reset:
      - '1474577734'
      X-Github-Media-Type:
      - github.v3; format=json
      Access-Control-Expose-Headers:
      - ETag, Link, X-GitHub-OTP, X-RateLimit-Limit, X-RateLimit-Remaining, X-RateLimit-Reset,
        X-OAuth-Scopes, X-Accepted-OAuth-Scopes, X-Poll-Interval
      Access-Control-Allow-Origin:
      - "*"
      Content-Security-Policy:
      - default-src 'none'
      Strict-Transport-Security:
      - max-age=31536000; includeSubdomains; preload
      X-Content-Type-Options:
      - nosniff
      X-Frame-Options:
      - deny
      X-Xss-Protection:
      - 1; mode=block
      Vary:
      - Accept-Encoding
      X-Served-By:
      - bae57931a6fe678a3dffe9be8e7819c8
      X-Github-Request-Id:
      - AD1C2EC5:2360:87A7DD1:57E43EAD
    body:
      encoding: UTF-8
      string: ''
    http_version: 
  recorded_at: Thu, 22 Sep 2016 20:27:26 GMT
- request:
    method: get
    uri: https://thumbot:B%2FGUk%3E~22%3Ec%2A%24I%7CIa%3C%40@api.github.com/repos/basho-bin/tester/issues/27/comments
    body:
      encoding: US-ASCII
      string: ''
    headers:
      Accept:
      - application/vnd.github.v3+json
      User-Agent:
      - Octokit Ruby Gem 4.3.0
      Content-Type:
      - application/json
      Accept-Encoding:
      - gzip;q=1.0,deflate;q=0.6,identity;q=0.3
  response:
    status:
      code: 200
      message: OK
    headers:
      Server:
      - GitHub.com
      Date:
      - Thu, 22 Sep 2016 20:27:26 GMT
      Content-Type:
      - application/json; charset=utf-8
      Transfer-Encoding:
      - chunked
      Status:
      - 200 OK
      X-Ratelimit-Limit:
      - '5000'
      X-Ratelimit-Remaining:
      - '4409'
      X-Ratelimit-Reset:
      - '1474577734'
      Cache-Control:
      - private, max-age=60, s-maxage=60
      Vary:
      - Accept, Authorization, Cookie, X-GitHub-OTP
      - Accept-Encoding
      Etag:
      - W/"e19c9b51141fbf168d2b7d640b5043e2"
      X-Github-Media-Type:
      - github.v3; format=json
      Access-Control-Expose-Headers:
      - ETag, Link, X-GitHub-OTP, X-RateLimit-Limit, X-RateLimit-Remaining, X-RateLimit-Reset,
        X-OAuth-Scopes, X-Accepted-OAuth-Scopes, X-Poll-Interval
      Access-Control-Allow-Origin:
      - "*"
      Content-Security-Policy:
      - default-src 'none'
      Strict-Transport-Security:
      - max-age=31536000; includeSubdomains; preload
      X-Content-Type-Options:
      - nosniff
      X-Frame-Options:
      - deny
      X-Xss-Protection:
      - 1; mode=block
      X-Served-By:
      - 7b641bda7ec2ca7cd9df72d2578baf75
      X-Github-Request-Id:
      - AD1C2EC5:2356:A6595B0:57E43EAE
    body:
      encoding: ASCII-8BIT
      string: '[{"url":"https://api.github.com/repos/basho-bin/tester/issues/comments/249001720","html_url":"https://github.com/basho-bin/tester/pull/27#issuecomment-249001720","issue_url":"https://api.github.com/repos/basho-bin/tester/issues/27","id":249001720,"user":{"login":"thumbot","id":20921557,"avatar_url":"https://avatars.githubusercontent.com/u/20921557?v=3","gravatar_id":"","url":"https://api.github.com/users/thumbot","html_url":"https://github.com/thumbot","followers_url":"https://api.github.com/users/thumbot/followers","following_url":"https://api.github.com/users/thumbot/following{/other_user}","gists_url":"https://api.github.com/users/thumbot/gists{/gist_id}","starred_url":"https://api.github.com/users/thumbot/starred{/owner}{/repo}","subscriptions_url":"https://api.github.com/users/thumbot/subscriptions","organizations_url":"https://api.github.com/users/thumbot/orgs","repos_url":"https://api.github.com/users/thumbot/repos","events_url":"https://api.github.com/users/thumbot/events{/privacy}","received_events_url":"https://api.github.com/users/thumbot/received_events","type":"User","site_admin":false},"created_at":"2016-09-22T19:18:55Z","updated_at":"2016-09-22T19:18:55Z","body":"Thanks
        @davidx!"},{"url":"https://api.github.com/repos/basho-bin/tester/issues/comments/249001723","html_url":"https://github.com/basho-bin/tester/pull/27#issuecomment-249001723","issue_url":"https://api.github.com/repos/basho-bin/tester/issues/27","id":249001723,"user":{"login":"thumbot","id":20921557,"avatar_url":"https://avatars.githubusercontent.com/u/20921557?v=3","gravatar_id":"","url":"https://api.github.com/users/thumbot","html_url":"https://github.com/thumbot","followers_url":"https://api.github.com/users/thumbot/followers","following_url":"https://api.github.com/users/thumbot/following{/other_user}","gists_url":"https://api.github.com/users/thumbot/gists{/gist_id}","starred_url":"https://api.github.com/users/thumbot/starred{/owner}{/repo}","subscriptions_url":"https://api.github.com/users/thumbot/subscriptions","organizations_url":"https://api.github.com/users/thumbot/orgs","repos_url":"https://api.github.com/users/thumbot/repos","events_url":"https://api.github.com/users/thumbot/events{/privacy}","received_events_url":"https://api.github.com/users/thumbot/received_events","type":"User","site_admin":false},"created_at":"2016-09-22T19:18:55Z","updated_at":"2016-09-22T19:18:55Z","body":"
        .thumbs.yml config:\n``` ---\nminimum_reviewers: 2\nbuild_steps:\n- make\n-
        make test\nmerge: true\norg_mode: true\ntimeout: 10\n ```"},{"url":"https://api.github.com/repos/basho-bin/tester/issues/comments/249001730","html_url":"https://github.com/basho-bin/tester/pull/27#issuecomment-249001730","issue_url":"https://api.github.com/repos/basho-bin/tester/issues/27","id":249001730,"user":{"login":"thumbot","id":20921557,"avatar_url":"https://avatars.githubusercontent.com/u/20921557?v=3","gravatar_id":"","url":"https://api.github.com/users/thumbot","html_url":"https://github.com/thumbot","followers_url":"https://api.github.com/users/thumbot/followers","following_url":"https://api.github.com/users/thumbot/following{/other_user}","gists_url":"https://api.github.com/users/thumbot/gists{/gist_id}","starred_url":"https://api.github.com/users/thumbot/starred{/owner}{/repo}","subscriptions_url":"https://api.github.com/users/thumbot/subscriptions","organizations_url":"https://api.github.com/users/thumbot/orgs","repos_url":"https://api.github.com/users/thumbot/repos","events_url":"https://api.github.com/users/thumbot/events{/privacy}","received_events_url":"https://api.github.com/users/thumbot/received_events","type":"User","site_admin":false},"created_at":"2016-09-22T19:18:57Z","updated_at":"2016-09-22T19:18:57Z","body":"<p>Build
        Status: [c7b1b9121b] Looks good!  :+1:</p>\n\n\n\n\n<details>\n <summary>:white_check_mark:
        MERGE </summary>\n\n <p>\n\n> Started at: 2016-09-22 12:18\n> Duration: 0
        seconds.\n> Result:  OK\n> Message: Merge Success: c7b1b9121ba4c6d85de8c5d6391c01d85c09a2f2
        onto target branch: master\n> Exit Code:  OK\n> <a href=\"https://gist.github.com/440e37f71cd71600fe4596b409049798\">:page_facing_up:</a>\n</p>\n\n```\n\n\n\nMerge
        made by the ''recursive'' strategy.\n README.md | 5 +++++\n 1 file changed,
        5 insertions(+)\n\n```\n\n--------------------------------------------------\n\n</details>\n\n\n\n\n\n<details>\n
        <summary>:white_check_mark: MAKE </summary>\n\n <p>\n\n> Started at: 2016-09-22
        12:18\n> Duration: 0 seconds.\n> Result:  OK\n> Message: OK\n> Exit Code:  0\n>
        <a href=\"https://gist.github.com/3ea00f02b6900a2694f48fec447af0a5\">:page_facing_up:</a>\n</p>\n\n```\n\ncd
        /tmp/thumbs/basho-bin_tester_27 && make 2>&1\n\nOK\n\n\n```\n\n--------------------------------------------------\n\n</details>\n\n\n\n\n\n<details>\n
        <summary>:white_check_mark: MAKE_TEST </summary>\n\n <p>\n\n> Started at:
        2016-09-22 12:18\n> Duration: 0 seconds.\n> Result:  OK\n> Message: OK\n>
        Exit Code:  0\n> <a href=\"https://gist.github.com/7ef1b84e7c07601bc9a6f243d71d842f\">:page_facing_up:</a>\n</p>\n\n```\n\ncd
        /tmp/thumbs/basho-bin_tester_27 && make test 2>&1\n\nTEST OK\n\n\n```\n\n--------------------------------------------------\n\n</details>\n\n\n\n\n<details>\n
        <summary>:white_large_square: 0 of 2 Code reviews from organization basho-bin</summary>\n\n<p>\n\n</p>\n</details>\n"},{"url":"https://api.github.com/repos/basho-bin/tester/issues/comments/249007059","html_url":"https://github.com/basho-bin/tester/pull/27#issuecomment-249007059","issue_url":"https://api.github.com/repos/basho-bin/tester/issues/27","id":249007059,"user":{"login":"davidpuddy1","id":20779719,"avatar_url":"https://avatars.githubusercontent.com/u/20779719?v=3","gravatar_id":"","url":"https://api.github.com/users/davidpuddy1","html_url":"https://github.com/davidpuddy1","followers_url":"https://api.github.com/users/davidpuddy1/followers","following_url":"https://api.github.com/users/davidpuddy1/following{/other_user}","gists_url":"https://api.github.com/users/davidpuddy1/gists{/gist_id}","starred_url":"https://api.github.com/users/davidpuddy1/starred{/owner}{/repo}","subscriptions_url":"https://api.github.com/users/davidpuddy1/subscriptions","organizations_url":"https://api.github.com/users/davidpuddy1/orgs","repos_url":"https://api.github.com/users/davidpuddy1/repos","events_url":"https://api.github.com/users/davidpuddy1/events{/privacy}","received_events_url":"https://api.github.com/users/davidpuddy1/received_events","type":"User","site_admin":false},"created_at":"2016-09-22T19:41:13Z","updated_at":"2016-09-22T19:41:13Z","body":"+1"},{"url":"https://api.github.com/repos/basho-bin/tester/issues/comments/249011752","html_url":"https://github.com/basho-bin/tester/pull/27#issuecomment-249011752","issue_url":"https://api.github.com/repos/basho-bin/tester/issues/27","id":249011752,"user":{"login":"davidpuddy1","id":20779719,"avatar_url":"https://avatars.githubusercontent.com/u/20779719?v=3","gravatar_id":"","url":"https://api.github.com/users/davidpuddy1","html_url":"https://github.com/davidpuddy1","followers_url":"https://api.github.com/users/davidpuddy1/followers","following_url":"https://api.github.com/users/davidpuddy1/following{/other_user}","gists_url":"https://api.github.com/users/davidpuddy1/gists{/gist_id}","starred_url":"https://api.github.com/users/davidpuddy1/starred{/owner}{/repo}","subscriptions_url":"https://api.github.com/users/davidpuddy1/subscriptions","organizations_url":"https://api.github.com/users/davidpuddy1/orgs","repos_url":"https://api.github.com/users/davidpuddy1/repos","events_url":"https://api.github.com/users/davidpuddy1/events{/privacy}","received_events_url":"https://api.github.com/users/davidpuddy1/received_events","type":"User","site_admin":false},"created_at":"2016-09-22T20:00:40Z","updated_at":"2016-09-22T20:00:40Z","body":"This
        looks great, thank you! +1  (ok to merge)"},{"url":"https://api.github.com/repos/basho-bin/tester/issues/comments/249012620","html_url":"https://github.com/basho-bin/tester/pull/27#issuecomment-249012620","issue_url":"https://api.github.com/repos/basho-bin/tester/issues/27","id":249012620,"user":{"login":"davidpuddy1","id":20779719,"avatar_url":"https://avatars.githubusercontent.com/u/20779719?v=3","gravatar_id":"","url":"https://api.github.com/users/davidpuddy1","html_url":"https://github.com/davidpuddy1","followers_url":"https://api.github.com/users/davidpuddy1/followers","following_url":"https://api.github.com/users/davidpuddy1/following{/other_user}","gists_url":"https://api.github.com/users/davidpuddy1/gists{/gist_id}","starred_url":"https://api.github.com/users/davidpuddy1/starred{/owner}{/repo}","subscriptions_url":"https://api.github.com/users/davidpuddy1/subscriptions","organizations_url":"https://api.github.com/users/davidpuddy1/orgs","repos_url":"https://api.github.com/users/davidpuddy1/repos","events_url":"https://api.github.com/users/davidpuddy1/events{/privacy}","received_events_url":"https://api.github.com/users/davidpuddy1/received_events","type":"User","site_admin":false},"created_at":"2016-09-22T20:04:15Z","updated_at":"2016-09-22T20:04:15Z","body":"This
        looks great, thank you! +1  (ok to merge)"},{"url":"https://api.github.com/repos/basho-bin/tester/issues/comments/249013261","html_url":"https://github.com/basho-bin/tester/pull/27#issuecomment-249013261","issue_url":"https://api.github.com/repos/basho-bin/tester/issues/27","id":249013261,"user":{"login":"davidpuddy1","id":20779719,"avatar_url":"https://avatars.githubusercontent.com/u/20779719?v=3","gravatar_id":"","url":"https://api.github.com/users/davidpuddy1","html_url":"https://github.com/davidpuddy1","followers_url":"https://api.github.com/users/davidpuddy1/followers","following_url":"https://api.github.com/users/davidpuddy1/following{/other_user}","gists_url":"https://api.github.com/users/davidpuddy1/gists{/gist_id}","starred_url":"https://api.github.com/users/davidpuddy1/starred{/owner}{/repo}","subscriptions_url":"https://api.github.com/users/davidpuddy1/subscriptions","organizations_url":"https://api.github.com/users/davidpuddy1/orgs","repos_url":"https://api.github.com/users/davidpuddy1/repos","events_url":"https://api.github.com/users/davidpuddy1/events{/privacy}","received_events_url":"https://api.github.com/users/davidpuddy1/received_events","type":"User","site_admin":false},"created_at":"2016-09-22T20:06:47Z","updated_at":"2016-09-22T20:06:47Z","body":"This
        looks great, thank you! +1  (ok to merge)"},{"url":"https://api.github.com/repos/basho-bin/tester/issues/comments/249014159","html_url":"https://github.com/basho-bin/tester/pull/27#issuecomment-249014159","issue_url":"https://api.github.com/repos/basho-bin/tester/issues/27","id":249014159,"user":{"login":"davidpuddy1","id":20779719,"avatar_url":"https://avatars.githubusercontent.com/u/20779719?v=3","gravatar_id":"","url":"https://api.github.com/users/davidpuddy1","html_url":"https://github.com/davidpuddy1","followers_url":"https://api.github.com/users/davidpuddy1/followers","following_url":"https://api.github.com/users/davidpuddy1/following{/other_user}","gists_url":"https://api.github.com/users/davidpuddy1/gists{/gist_id}","starred_url":"https://api.github.com/users/davidpuddy1/starred{/owner}{/repo}","subscriptions_url":"https://api.github.com/users/davidpuddy1/subscriptions","organizations_url":"https://api.github.com/users/davidpuddy1/orgs","repos_url":"https://api.github.com/users/davidpuddy1/repos","events_url":"https://api.github.com/users/davidpuddy1/events{/privacy}","received_events_url":"https://api.github.com/users/davidpuddy1/received_events","type":"User","site_admin":false},"created_at":"2016-09-22T20:10:32Z","updated_at":"2016-09-22T20:10:32Z","body":"This
        looks great, thank you! +1  (ok to merge)"}]'
    http_version: 
  recorded_at: Thu, 22 Sep 2016 20:27:26 GMT
- request:
    method: get
    uri: https://thumbot:B%2FGUk%3E~22%3Ec%2A%24I%7CIa%3C%40@api.github.com/orgs/basho-bin/members/davidpuddy1
    body:
      encoding: US-ASCII
      string: ''
    headers:
      Accept:
      - application/vnd.github.v3+json
      User-Agent:
      - Octokit Ruby Gem 4.3.0
      Content-Type:
      - application/json
      Accept-Encoding:
      - gzip;q=1.0,deflate;q=0.6,identity;q=0.3
  response:
    status:
      code: 204
      message: No Content
    headers:
      Server:
      - GitHub.com
      Date:
      - Thu, 22 Sep 2016 20:27:27 GMT
      Status:
      - 204 No Content
      X-Ratelimit-Limit:
      - '5000'
      X-Ratelimit-Remaining:
      - '4408'
      X-Ratelimit-Reset:
      - '1474577734'
      X-Github-Media-Type:
      - github.v3; format=json
      Access-Control-Expose-Headers:
      - ETag, Link, X-GitHub-OTP, X-RateLimit-Limit, X-RateLimit-Remaining, X-RateLimit-Reset,
        X-OAuth-Scopes, X-Accepted-OAuth-Scopes, X-Poll-Interval
      Access-Control-Allow-Origin:
      - "*"
      Content-Security-Policy:
      - default-src 'none'
      Strict-Transport-Security:
      - max-age=31536000; includeSubdomains; preload
      X-Content-Type-Options:
      - nosniff
      X-Frame-Options:
      - deny
      X-Xss-Protection:
      - 1; mode=block
      Vary:
      - Accept-Encoding
      X-Served-By:
      - 2811da37fbdda4367181b328b22b2499
      X-Github-Request-Id:
      - AD1C2EC5:2356:A65963E:57E43EAE
    body:
      encoding: UTF-8
      string: ''
    http_version: 
  recorded_at: Thu, 22 Sep 2016 20:27:27 GMT
- request:
    method: get
    uri: https://thumbot:B%2FGUk%3E~22%3Ec%2A%24I%7CIa%3C%40@api.github.com/orgs/basho-bin/members/davidpuddy1
    body:
      encoding: US-ASCII
      string: ''
    headers:
      Accept:
      - application/vnd.github.v3+json
      User-Agent:
      - Octokit Ruby Gem 4.3.0
      Content-Type:
      - application/json
      Accept-Encoding:
      - gzip;q=1.0,deflate;q=0.6,identity;q=0.3
  response:
    status:
      code: 204
      message: No Content
    headers:
      Server:
      - GitHub.com
      Date:
      - Thu, 22 Sep 2016 20:27:27 GMT
      Status:
      - 204 No Content
      X-Ratelimit-Limit:
      - '5000'
      X-Ratelimit-Remaining:
      - '4407'
      X-Ratelimit-Reset:
      - '1474577734'
      X-Github-Media-Type:
      - github.v3; format=json
      Access-Control-Expose-Headers:
      - ETag, Link, X-GitHub-OTP, X-RateLimit-Limit, X-RateLimit-Remaining, X-RateLimit-Reset,
        X-OAuth-Scopes, X-Accepted-OAuth-Scopes, X-Poll-Interval
      Access-Control-Allow-Origin:
      - "*"
      Content-Security-Policy:
      - default-src 'none'
      Strict-Transport-Security:
      - max-age=31536000; includeSubdomains; preload
      X-Content-Type-Options:
      - nosniff
      X-Frame-Options:
      - deny
      X-Xss-Protection:
      - 1; mode=block
      Vary:
      - Accept-Encoding
      X-Served-By:
      - 52189b7290fad804d77890ef34a1eeae
      X-Github-Request-Id:
      - AD1C2EC5:235F:52646A5:57E43EAF
    body:
      encoding: UTF-8
      string: ''
    http_version: 
  recorded_at: Thu, 22 Sep 2016 20:27:27 GMT
- request:
    method: get
    uri: https://thumbot:B%2FGUk%3E~22%3Ec%2A%24I%7CIa%3C%40@api.github.com/orgs/basho-bin/members/davidpuddy1
    body:
      encoding: US-ASCII
      string: ''
    headers:
      Accept:
      - application/vnd.github.v3+json
      User-Agent:
      - Octokit Ruby Gem 4.3.0
      Content-Type:
      - application/json
      Accept-Encoding:
      - gzip;q=1.0,deflate;q=0.6,identity;q=0.3
  response:
    status:
      code: 204
      message: No Content
    headers:
      Server:
      - GitHub.com
      Date:
      - Thu, 22 Sep 2016 20:27:28 GMT
      Status:
      - 204 No Content
      X-Ratelimit-Limit:
      - '5000'
      X-Ratelimit-Remaining:
      - '4406'
      X-Ratelimit-Reset:
      - '1474577734'
      X-Github-Media-Type:
      - github.v3; format=json
      Access-Control-Expose-Headers:
      - ETag, Link, X-GitHub-OTP, X-RateLimit-Limit, X-RateLimit-Remaining, X-RateLimit-Reset,
        X-OAuth-Scopes, X-Accepted-OAuth-Scopes, X-Poll-Interval
      Access-Control-Allow-Origin:
      - "*"
      Content-Security-Policy:
      - default-src 'none'
      Strict-Transport-Security:
      - max-age=31536000; includeSubdomains; preload
      X-Content-Type-Options:
      - nosniff
      X-Frame-Options:
      - deny
      X-Xss-Protection:
      - 1; mode=block
      Vary:
      - Accept-Encoding
      X-Served-By:
      - 7efb7ae49588ef0269c6a1c1bd3721d9
      X-Github-Request-Id:
      - AD1C2EC5:2360:87A7F66:57E43EAF
    body:
      encoding: UTF-8
      string: ''
    http_version: 
  recorded_at: Thu, 22 Sep 2016 20:27:28 GMT
- request:
    method: get
    uri: https://thumbot:B%2FGUk%3E~22%3Ec%2A%24I%7CIa%3C%40@api.github.com/orgs/basho-bin/members/davidpuddy1
    body:
      encoding: US-ASCII
      string: ''
    headers:
      Accept:
      - application/vnd.github.v3+json
      User-Agent:
      - Octokit Ruby Gem 4.3.0
      Content-Type:
      - application/json
      Accept-Encoding:
      - gzip;q=1.0,deflate;q=0.6,identity;q=0.3
  response:
    status:
      code: 204
      message: No Content
    headers:
      Server:
      - GitHub.com
      Date:
      - Thu, 22 Sep 2016 20:27:28 GMT
      Status:
      - 204 No Content
      X-Ratelimit-Limit:
      - '5000'
      X-Ratelimit-Remaining:
      - '4405'
      X-Ratelimit-Reset:
      - '1474577734'
      X-Github-Media-Type:
      - github.v3; format=json
      Access-Control-Expose-Headers:
      - ETag, Link, X-GitHub-OTP, X-RateLimit-Limit, X-RateLimit-Remaining, X-RateLimit-Reset,
        X-OAuth-Scopes, X-Accepted-OAuth-Scopes, X-Poll-Interval
      Access-Control-Allow-Origin:
      - "*"
      Content-Security-Policy:
      - default-src 'none'
      Strict-Transport-Security:
      - max-age=31536000; includeSubdomains; preload
      X-Content-Type-Options:
      - nosniff
      X-Frame-Options:
      - deny
      X-Xss-Protection:
      - 1; mode=block
      Vary:
      - Accept-Encoding
      X-Served-By:
      - 1e9204dbc0447a6f39c3b3c44d87b3f8
      X-Github-Request-Id:
      - AD1C2EC5:2356:A6597B6:57E43EB0
    body:
      encoding: UTF-8
      string: ''
    http_version: 
  recorded_at: Thu, 22 Sep 2016 20:27:28 GMT
- request:
    method: get
    uri: https://thumbot:B%2FGUk%3E~22%3Ec%2A%24I%7CIa%3C%40@api.github.com/orgs/basho-bin/members/davidpuddy1
    body:
      encoding: US-ASCII
      string: ''
    headers:
      Accept:
      - application/vnd.github.v3+json
      User-Agent:
      - Octokit Ruby Gem 4.3.0
      Content-Type:
      - application/json
      Accept-Encoding:
      - gzip;q=1.0,deflate;q=0.6,identity;q=0.3
  response:
    status:
      code: 204
      message: No Content
    headers:
      Server:
      - GitHub.com
      Date:
      - Thu, 22 Sep 2016 20:27:28 GMT
      Status:
      - 204 No Content
      X-Ratelimit-Limit:
      - '5000'
      X-Ratelimit-Remaining:
      - '4404'
      X-Ratelimit-Reset:
      - '1474577734'
      X-Github-Media-Type:
      - github.v3; format=json
      Access-Control-Expose-Headers:
      - ETag, Link, X-GitHub-OTP, X-RateLimit-Limit, X-RateLimit-Remaining, X-RateLimit-Reset,
        X-OAuth-Scopes, X-Accepted-OAuth-Scopes, X-Poll-Interval
      Access-Control-Allow-Origin:
      - "*"
      Content-Security-Policy:
      - default-src 'none'
      Strict-Transport-Security:
      - max-age=31536000; includeSubdomains; preload
      X-Content-Type-Options:
      - nosniff
      X-Frame-Options:
      - deny
      X-Xss-Protection:
      - 1; mode=block
      Vary:
      - Accept-Encoding
      X-Served-By:
      - 3e3b9690823fb031da84658eb58aa83b
      X-Github-Request-Id:
      - AD1C2EC5:2356:A659840:57E43EB0
    body:
      encoding: UTF-8
      string: ''
    http_version: 
  recorded_at: Thu, 22 Sep 2016 20:27:28 GMT
recorded_with: VCR 3.0.3
